Component: ARM Compiler 5.06 update 7 (build 960) Tool: armlink [4d3601]

==============================================================================

Section Cross References

    startup_stm32f10x_md.o(RESET) refers to startup_stm32f10x_md.o(STACK) for __initial_sp
    startup_stm32f10x_md.o(RESET) refers to startup_stm32f10x_md.o(.text) for Reset_Handler
    startup_stm32f10x_md.o(RESET) refers to stm32f10x_it.o(.text) for NMI_Handler
    startup_stm32f10x_md.o(.text) refers to system_stm32f10x.o(.text) for SystemInit
    startup_stm32f10x_md.o(.text) refers to entry.o(.ARM.Collect$$$$00000000) for __main
    main.o(.text) refers to stm32f10x_flash.o(.text) for FLASH_Unlock
    main.o(.text) refers to usart2.o(.text) for Get_USART1_StopFlag
    main.o(.text) refers to led.o(.text) for LEDXToggle
    main.o(.text) refers to bq76930.o(.text) for Only_Open_DSG
    main.o(.text) refers to systick.o(.text) for SYSTICK_Init
    main.o(.text) refers to misc.o(.text) for NVIC_PriorityGroupConfig
    main.o(.text) refers to usart.o(.text) for uart_init
    main.o(.text) refers to io_ctrl.o(.text) for IO_CTRL_Config
    main.o(.text) refers to i2c1.o(.text) for I2C1_Configuration
    main.o(.text) refers to can.o(.text) for CAN_Mode_Init
    main.o(.text) refers to stm32f10x_gpio.o(.text) for GPIO_WriteBit
    main.o(.text) refers to timer.o(.text) for TIM2_Config
    main.o(.text) refers to wdg.o(.text) for IWDG_Init
    main.o(.text) refers to stm32f10x_it.o(.bss) for ucUSART1_ReceiveDataBuffer
    main.o(.text) refers to main.o(.data) for BMS_DATA_FLAG
    main.o(.text) refers to bq76930.o(.bss) for Batteryval
    stm32f10x_it.o(.text) refers to stm32f10x_usart.o(.text) for USART_GetITStatus
    stm32f10x_it.o(.text) refers to stm32f10x_tim.o(.text) for TIM_GetITStatus
    stm32f10x_it.o(.text) refers to usart2.o(.text) for Get_USART1_StopFlag
    stm32f10x_it.o(.text) refers to stm32f10x_it.o(.data) for nTime
    stm32f10x_it.o(.text) refers to stm32f10x_it.o(.bss) for ucUSART1_ReceiveDataBuffer
    stm32f10x_adc.o(.text) refers to stm32f10x_rcc.o(.text) for RCC_APB2PeriphResetCmd
    stm32f10x_bkp.o(.text) refers to stm32f10x_rcc.o(.text) for RCC_BackupResetCmd
    stm32f10x_can.o(.text) refers to stm32f10x_rcc.o(.text) for RCC_APB1PeriphResetCmd
    stm32f10x_cec.o(.text) refers to stm32f10x_rcc.o(.text) for RCC_APB1PeriphResetCmd
    stm32f10x_dac.o(.text) refers to stm32f10x_rcc.o(.text) for RCC_APB1PeriphResetCmd
    stm32f10x_gpio.o(.text) refers to stm32f10x_rcc.o(.text) for RCC_APB2PeriphResetCmd
    stm32f10x_i2c.o(.text) refers to stm32f10x_rcc.o(.text) for RCC_APB1PeriphResetCmd
    stm32f10x_pwr.o(.text) refers to stm32f10x_rcc.o(.text) for RCC_APB1PeriphResetCmd
    stm32f10x_rcc.o(.text) refers to stm32f10x_rcc.o(.data) for APBAHBPrescTable
    stm32f10x_spi.o(.text) refers to stm32f10x_rcc.o(.text) for RCC_APB2PeriphResetCmd
    stm32f10x_tim.o(.text) refers to stm32f10x_rcc.o(.text) for RCC_APB2PeriphResetCmd
    stm32f10x_usart.o(.text) refers to stm32f10x_rcc.o(.text) for RCC_APB2PeriphResetCmd
    stm32f10x_wwdg.o(.text) refers to stm32f10x_rcc.o(.text) for RCC_APB1PeriphResetCmd
    system_stm32f10x.o(.text) refers to system_stm32f10x.o(.data) for SystemCoreClock
    led.o(.text) refers to stm32f10x_rcc.o(.text) for RCC_APB2PeriphClockCmd
    led.o(.text) refers to stm32f10x_gpio.o(.text) for GPIO_PinRemapConfig
    systick.o(.text) refers to system_stm32f10x.o(.data) for SystemCoreClock
    systick.o(.text) refers to stm32f10x_it.o(.data) for nTime
    usart.o(.text) refers to usart.o(.data) for ok
    usart.o(.text) refers to usart.o(.bss) for rch
    usart.o(.text) refers to stm32f10x_usart.o(.text) for USART_SendData
    usart.o(.text) refers to stm32f10x_rcc.o(.text) for RCC_APB2PeriphClockCmd
    usart.o(.text) refers to stm32f10x_gpio.o(.text) for GPIO_Init
    usart.o(.text) refers to misc.o(.text) for NVIC_Init
    i2c.o(.text) refers to stm32f10x_rcc.o(.text) for RCC_APB2PeriphClockCmd
    i2c.o(.text) refers to stm32f10x_gpio.o(.text) for GPIO_Init
    i2c.o(.text) refers to systick.o(.text) for delay_ms
    i2c.o(.text) refers to printfa.o(i.__0printf) for __2printf
    i2c.o(.text) refers to memcmp.o(.text) for memcmp
    bq76930.o(.text) refers to i2c1.o(.text) for IIC1_read_one_byte
    bq76930.o(.text) refers to fflti.o(.text) for __aeabi_i2f
    bq76930.o(.text) refers to fadd.o(.text) for __aeabi_fadd
    bq76930.o(.text) refers to ffixi.o(.text) for __aeabi_f2iz
    bq76930.o(.text) refers to fdiv.o(.text) for __aeabi_fdiv
    bq76930.o(.text) refers to f2d.o(.text) for __aeabi_f2d
    bq76930.o(.text) refers to dadd.o(.text) for __aeabi_dadd
    bq76930.o(.text) refers to dfixui.o(.text) for __aeabi_d2uiz
    bq76930.o(.text) refers to systick.o(.text) for delay_ms
    bq76930.o(.text) refers to stm32f10x_gpio.o(.text) for GPIO_WriteBit
    bq76930.o(.text) refers to bq76930.o(.data) for ADC_GAIN
    bq76930.o(.text) refers to bq76930.o(.bss) for Batteryval
[...]
    ../clib/microlib/printf/printf.c         0x00000000   Number         0  printf3.o ABSOLUTE
    ../clib/microlib/printf/printf.c         0x00000000   Number         0  printf4.o ABSOLUTE
    ../clib/microlib/printf/printf.c         0x00000000   Number         0  printf5.o ABSOLUTE
    ../clib/microlib/printf/stubs.s          0x00000000   Number         0  stubs.o ABSOLUTE
    ../clib/microlib/string/memcmp.c         0x00000000   Number         0  memcmp.o ABSOLUTE
    ../clib/microlib/string/memset.c         0x00000000   Number         0  memseta.o ABSOLUTE
    ../clib/microlib/stubs.s                 0x00000000   Number         0  iusefp.o ABSOLUTE
    ../clib/microlib/stubs.s                 0x00000000   Number         0  useno.o ABSOLUTE
    ../fplib/microlib/d2f.c                  0x00000000   Number         0  d2f.o ABSOLUTE
    ../fplib/microlib/f2d.c                  0x00000000   Number         0  f2d.o ABSOLUTE
    ../fplib/microlib/fpadd.c                0x00000000   Number         0  dadd.o ABSOLUTE
    ../fplib/microlib/fpadd.c                0x00000000   Number         0  fadd.o ABSOLUTE
    ../fplib/microlib/fpdiv.c                0x00000000   Number         0  fdiv.o ABSOLUTE
    ../fplib/microlib/fpdiv.c                0x00000000   Number         0  ddiv.o ABSOLUTE
    ../fplib/microlib/fpepilogue.c           0x00000000   Number         0  depilogue.o ABSOLUTE
    ../fplib/microlib/fpepilogue.c           0x00000000   Number         0  fepilogue.o ABSOLUTE
    ../fplib/microlib/fpfix.c                0x00000000   Number         0  dfixul.o ABSOLUTE
    ../fplib/microlib/fpfix.c                0x00000000   Number         0  dfixui.o ABSOLUTE
    ../fplib/microlib/fpfix.c                0x00000000   Number         0  ffixi.o ABSOLUTE
    ../fplib/microlib/fpflt.c                0x00000000   Number         0  fflti.o ABSOLUTE
    ../fplib/microlib/fpflt.c                0x00000000   Number         0  dfltui.o ABSOLUTE
    ../fplib/microlib/fpflt.c                0x00000000   Number         0  dflti.o ABSOLUTE
    ../fplib/microlib/fpmul.c                0x00000000   Number         0  dmul.o ABSOLUTE
    ../fplib/microlib/fpscalb.c              0x00000000   Number         0  dscalb.o ABSOLUTE
    ../mathlib/dunder.c                      0x00000000   Number         0  dunder.o ABSOLUTE
    ../mathlib/log.c                         0x00000000   Number         0  log.o ABSOLUTE
    ../mathlib/log.c                         0x00000000   Number         0  log_x.o ABSOLUTE
    ../mathlib/poly.c                        0x00000000   Number         0  poly.o ABSOLUTE
    ../mathlib/qnan.c                        0x00000000   Number         0  qnan.o ABSOLUTE
    ..\..\BSP\BQ76930.c                      0x00000000   Number         0  bq76930.o ABSOLUTE
    ..\..\BSP\IO_CTRL.c                      0x00000000   Number         0  io_ctrl.o ABSOLUTE
    ..\..\BSP\can.c                          0x00000000   Number         0  can.o ABSOLUTE
    ..\..\BSP\i2c.c                          0x00000000   Number         0  i2c.o ABSOLUTE
    ..\..\BSP\i2c1.c                         0x00000000   Number         0  i2c1.o ABSOLUTE
    ..\..\BSP\led.c                          0x00000000   Number         0  led.o ABSOLUTE
    ..\..\BSP\systick.c                      0x00000000   Number         0  systick.o ABSOLUTE
    ..\..\BSP\timer.c                        0x00000000   Number         0  timer.o ABSOLUTE
    ..\..\BSP\usart.c                        0x00000000   Number         0  usart.o ABSOLUTE
    ..\..\BSP\usart2.c                       0x00000000   Number         0  usart2.o ABSOLUTE
    ..\..\BSP\wdg.c                          0x00000000   Number         0  wdg.o ABSOLUTE
    ..\..\Libraries\CMSIS\CM3\DeviceSupport\ST\STM32F10x\startup\arm\startup_stm32f10x_md.s 0x00000000   Number         0  startup_stm32f10x_md.o ABSOLUTE
    ..\..\Libraries\CMSIS\CM3\DeviceSupport\ST\STM32F10x\system_stm32f10x.c 0x00000000   Number         0  system_stm32f10x.o ABSOLUTE
    ..\..\Libraries\STM32F10x_StdPeriph_Driver\src\misc.c 0x00000000   Number         0  misc.o ABSOLUTE
    ..\..\Libraries\STM32F10x_StdPeriph_Driver\src\stm32f10x_adc.c 0x00000000   Number         0  stm32f10x_adc.o ABSOLUTE
    ..\..\Libraries\STM32F10x_StdPeriph_Driver\src\stm32f10x_bkp.c 0x00000000   Number         0  stm32f10x_bkp.o ABSOLUTE
    ..\..\Libraries\STM32F10x_StdPeriph_Driver\src\stm32f10x_can.c 0x00000000   Number         0  stm32f10x_can.o ABSOLUTE
    ..\..\Libraries\STM32F10x_StdPeriph_Driver\src\stm32f10x_cec.c 0x00000000   Number         0  stm32f10x_cec.o ABSOLUTE
    ..\..\Libraries\STM32F10x_StdPeriph_Driver\src\stm32f10x_crc.c 0x00000000   Number         0  stm32f10x_crc.o ABSOLUTE
    ..\..\Libraries\STM32F10x_StdPeriph_Driver\src\stm32f10x_dac.c 0x00000000   Number         0  stm32f10x_dac.o ABSOLUTE
    ..\..\Libraries\STM32F10x_StdPeriph_Driver\src\stm32f10x_dbgmcu.c 0x00000000   Number         0  stm32f10x_dbgmcu.o ABSOLUTE
    ..\..\Libraries\STM32F10x_StdPeriph_Driver\src\stm32f10x_dma.c 0x00000000   Number         0  stm32f10x_dma.o ABSOLUTE
    ..\..\Libraries\STM32F10x_StdPeriph_Driver\src\stm32f10x_exti.c 0x00000000   Number         0  stm32f10x_exti.o ABSOLUTE
    ..\..\Libraries\STM32F10x_StdPeriph_Driver\src\stm32f10x_flash.c 0x00000000   Number         0  stm32f10x_flash.o ABSOLUTE
    ..\..\Libraries\STM32F10x_StdPeriph_Driver\src\stm32f10x_fsmc.c 0x00000000   Number         0  stm32f10x_fsmc.o ABSOLUTE
    ..\..\Libraries\STM32F10x_StdPeriph_Driver\src\stm32f10x_gpio.c 0x00000000   Number         0  stm32f10x_gpio.o ABSOLUTE
    ..\..\Libraries\STM32F10x_StdPeriph_Driver\src\stm32f10x_i2c.c 0x00000000   Number         0  stm32f10x_i2c.o ABSOLUTE
    ..\..\Libraries\STM32F10x_StdPeriph_Driver\src\stm32f10x_iwdg.c 0x00000000   Number         0  stm32f10x_iwdg.o ABSOLUTE
    ..\..\Libraries\STM32F10x_StdPeriph_Driver\src\stm32f10x_pwr.c 0x00000000   Number         0  stm32f10x_pwr.o ABSOLUTE
    ..\..\Libraries\STM32F10x_StdPeriph_Driver\src\stm32f10x_rcc.c 0x00000000   Number         0  stm32f10x_rcc.o ABSOLUTE
    ..\..\Libraries\STM32F10x_StdPeriph_Driver\src\stm32f10x_rtc.c 0x00000000   Number         0  stm32f10x_rtc.o ABSOLUTE
    ..\..\Libraries\STM32F10x_StdPeriph_Driver\src\stm32f10x_sdio.c 0x00000000   Number         0  stm32f10x_sdio.o ABSOLUTE
    ..\..\Libraries\STM32F10x_StdPeriph_Driver\src\stm32f10x_spi.c 0x00000000   Number         0  stm32f10x_spi.o ABSOLUTE
    ..\..\Libraries\STM32F10x_StdPeriph_Driver\src\stm32f10x_tim.c 0x00000000   Number         0  stm32f10x_tim.o ABSOLUTE
    ..\..\Libraries\STM32F10x_StdPeriph_Driver\src\stm32f10x_usart.c 0x00000000   Number         0  stm32f10x_usart.o ABSOLUTE
    ..\..\Libraries\STM32F10x_StdPeriph_Driver\src\stm32f10x_wwdg.c 0x00000000   Number         0  stm32f10x_wwdg.o ABSOLUTE
    ..\main.c                                0x00000000   Number         0  main.o ABSOLUTE
    ..\stm32f10x_it.c                        0x00000000   Number         0  stm32f10x_it.o ABSOLUTE
    cdcmple.s                                0x00000000   Number         0  cdcmple.o ABSOLUTE
    cdrcmple.s                               0x00000000   Number         0  cdrcmple.o ABSOLUTE
    dc.s                                     0x00000000   Number         0  dc.o ABSOLUTE
    handlers.s                               0x00000000   Number         0  handlers.o ABSOLUTE
    init.s                                   0x00000000   Number         0  init.o ABSOLUTE
    RESET                                    0x08000000   Section      236  startup_stm32f10x_md.o(RESET)
    .ARM.Collect$$$$00000000                 0x080000ec   Section        0  entry.o(.ARM.Collect$$$$00000000)
    .ARM.Collect$$$$00000001                 0x080000ec   Section        4  entry2.o(.ARM.Collect$$$$00000001)
    .ARM.Collect$$$$00000004                 0x080000f0   Section        4  entry5.o(.ARM.Collect$$$$00000004)
    .ARM.Collect$$$$00000008                 0x080000f4   Section        0  entry7b.o(.ARM.Collect$$$$00000008)
    .ARM.Collect$$$$0000000A                 0x080000f4   Section        0  entry8b.o(.ARM.Collect$$$$0000000A)
    .ARM.Collect$$$$0000000B                 0x080000f4   Section        8  entry9a.o(.ARM.Collect$$$$0000000B)
    .ARM.Collect$$$$0000000E                 0x080000fc   Section        4  entry12b.o(.ARM.Collect$$$$0000000E)
    .ARM.Collect$$$$0000000F                 0x08000100   Section        0  entry10a.o(.ARM.Collect$$$$0000000F)
    .ARM.Collect$$$$00000011                 0x08000100   Section        0  entry11a.o(.ARM.Collect$$$$00000011)
    .ARM.Collect$$$$00002712                 0x08000100   Section        4  entry2.o(.ARM.Collect$$$$00002712)
    __lit__00000000                          0x08000100   Data           4  entry2.o(.ARM.Collect$$$$00002712)
    .text                                    0x08000104   Section       36  startup_stm32f10x_md.o(.text)
    .text                                    0x08000128   Section        0  main.o(.text)
    .text                                    0x08000670   Section        0  stm32f10x_it.o(.text)
    .text                                    0x08000734   Section        0  misc.o(.text)
    .text                                    0x08000810   Section        0  stm32f10x_can.o(.text)
    CheckITStatus                            0x08001013   Thumb Code    18  stm32f10x_can.o(.text)
    .text                                    0x08001200   Section        0  stm32f10x_flash.o(.text)
    .text                                    0x080017bc   Section        0  stm32f10x_gpio.o(.text)
    .text                                    0x08001b18   Section        0  stm32f10x_iwdg.o(.text)
    .text                                    0x08001b58   Section        0  stm32f10x_rcc.o(.text)
    .text                                    0x08001efc   Section        0  stm32f10x_tim.o(.text)
    TI4_Config                               0x080023a3   Thumb Code   130  stm32f10x_tim.o(.text)
    TI3_Config                               0x08002437   Thumb Code   122  stm32f10x_tim.o(.text)
    TI2_Config                               0x080024cb   Thumb Code   130  stm32f10x_tim.o(.text)
    TI1_Config                               0x0800255f   Thumb Code   108  stm32f10x_tim.o(.text)
    .text                                    0x08002d18   Section        0  stm32f10x_usart.o(.text)
    .text                                    0x08003120   Section        0  system_stm32f10x.o(.text)
    SetSysClockTo72                          0x08003121   Thumb Code   214  system_stm32f10x.o(.text)
    SetSysClock                              0x080031f7   Thumb Code     8  system_stm32f10x.o(.text)
    .text                                    0x08003300   Section        0  led.o(.text)
    .text                                    0x0800341c   Section        0  systick.o(.text)
    .text                                    0x080034b4   Section        0  usart.o(.text)
    .text                                    0x080039c4   Section        0  bq76930.o(.text)
    .text                                    0x08005134   Section        0  i2c1.o(.text)
    I2C_delay                                0x08005179   Thumb Code    14  i2c1.o(.text)
    I2C1_Start                               0x08005187   Thumb Code    90  i2c1.o(.text)
    I2C1_Stop                                0x080051e1   Thumb Code    60  i2c1.o(.text)
    I2C1_Ack                                 0x0800521d   Thumb Code    60  i2c1.o(.text)
    I2C1_NoAck                               0x08005259   Thumb Code    60  i2c1.o(.text)
    I2C1_WaitAck                             0x08005295   Thumb Code    84  i2c1.o(.text)
    I2C1_SendByte                            0x080052e9   Thumb Code   120  i2c1.o(.text)
    I2C1_ReceiveByte                         0x08005361   Thumb Code    88  i2c1.o(.text)
    .text                                    0x0800582c   Section        0  io_ctrl.o(.text)
    .text                                    0x08005990   Section        0  timer.o(.text)
    .text                                    0x08005aa0   Section        0  wdg.o(.text)
    .text                                    0x08005acc   Section        0  usart2.o(.text)
    .text                                    0x08006138   Section        0  can.o(.text)
    .text                                    0x080062b0   Section        0  memseta.o(.text)
    .text                                    0x080062d4   Section        0  fadd.o(.text)
    .text                                    0x08006384   Section        0  fdiv.o(.text)
    .text                                    0x08006400   Section        0  dadd.o(.text)
    .text                                    0x0800654e   Section        0  dmul.o(.text)
    .text                                    0x08006632   Section        0  ddiv.o(.text)
    .text                                    0x08006710   Section        0  fflti.o(.text)
    .text                                    0x08006722   Section        0  dfltui.o(.text)
    .text                                    0x0800673c   Section        0  ffixi.o(.text)
    .text                                    0x0800676e   Section        0  dfixui.o(.text)
    .text                                    0x080067a0   Section        0  f2d.o(.text)
    .text                                    0x080067c6   Section        0  d2f.o(.text)
    .text                                    0x080067fe   Section        0  uidiv.o(.text)
    .text                                    0x0800682a   Section        0  uldiv.o(.text)
    .text                                    0x0800688c   Section        0  llshl.o(.text)
    .text                                    0x080068aa   Section        0  llushr.o(.text)
    .text                                    0x080068ca   Section        0  llsshr.o(.text)
    .text                                    0x080068ee   Section        0  fepilogue.o(.text)
    .text                                    0x080068ee   Section        0  iusefp.o(.text)
    .text                                    0x0800695c   Section        0  depilogue.o(.text)
    .text                                    0x08006a16   Section        0  dscalb.o(.text)
    .text                                    0x08006a44   Section        0  dflti.o(.text)
    .text                                    0x08006a66   Section        0  dfixul.o(.text)
    .text                                    0x08006a98   Section       48  cdcmple.o(.text)
    .text                                    0x08006ac8   Section       48  cdrcmple.o(.text)
    .text                                    0x08006af8   Section       36  init.o(.text)
    .text                                    0x08006b1c   Section        0  __dczerorl2.o(.text)
    i.__0printf                              0x08006b74   Section        0  printfa.o(i.__0printf)
    i.__0sprintf                             0x08006b94   Section        0  printfa.o(i.__0sprintf)
    i.__kernel_poly                          0x08006bbc   Section        0  poly.o(i.__kernel_poly)
    i.__mathlib_dbl_divzero                  0x08006c68   Section        0  dunder.o(i.__mathlib_dbl_divzero)
    i.__mathlib_dbl_infnan                   0x08006c78   Section        0  dunder.o(i.__mathlib_dbl_infnan)
    i.__mathlib_dbl_invalid                  0x08006c7e   Section        0  dunder.o(i.__mathlib_dbl_invalid)
    i.__scatterload_copy                     0x08006c8a   Section       14  handlers.o(i.__scatterload_copy)
    i.__scatterload_null                     0x08006c98   Section        2  handlers.o(i.__scatterload_null)
    i.__scatterload_zeroinit                 0x08006c9a   Section       14  handlers.o(i.__scatterload_zeroinit)
    i.__set_errno                            0x08006ca8   Section        0  errno.o(i.__set_errno)
    i._fp_digits                             0x08006cb4   Section        0  printfa.o(i._fp_digits)
    _fp_digits                               0x08006cb5   Thumb Code   366  printfa.o(i._fp_digits)
    i._printf_core                           0x08006e38   Section        0  printfa.o(i._printf_core)
    _printf_core                             0x08006e39   Thumb Code  1704  printfa.o(i._printf_core)
    i._printf_post_padding                   0x080074ec   Section        0  printfa.o(i._printf_post_padding)
    _printf_post_padding                     0x080074ed   Thumb Code    36  printfa.o(i._printf_post_padding)
    i._printf_pre_padding                    0x08007510   Section        0  printfa.o(i._printf_pre_padding)
    _printf_pre_padding                      0x08007511   Thumb Code    46  printfa.o(i._printf_pre_padding)
    i._sputc                                 0x0800753e   Section        0  printfa.o(i._sputc)
    _sputc                                   0x0800753f   Thumb Code    10  printfa.o(i._sputc)
    i.log                                    0x08007548   Section        0  log.o(i.log)
    .constdata                               0x080078a8   Section       56  log.o(.constdata)
    Lg2                                      0x080078a8   Data          24  log.o(.constdata)
    Lg                                       0x080078c0   Data          32  log.o(.constdata)
    .constdata                               0x080078e0   Section        8  qnan.o(.constdata)
    .data                                    0x20000000   Section      532  main.o(.data)
    .data                                    0x20000214   Section       30  stm32f10x_it.o(.data)
    .data                                    0x20000232   Section       20  stm32f10x_rcc.o(.data)
    APBAHBPrescTable                         0x20000232   Data          16  stm32f10x_rcc.o(.data)
    ADCPrescTable                            0x20000242   Data           4  stm32f10x_rcc.o(.data)
    .data                                    0x20000248   Section       20  system_stm32f10x.o(.data)
    .data                                    0x2000025c   Section       19  usart.o(.data)
    .data                                    0x20000270   Section      788  bq76930.o(.data)
    .data                                    0x20000584   Section        3  usart2.o(.data)
    .data                                    0x20000588   Section        4  errno.o(.data)
    _errno                                   0x20000588   Data           4  errno.o(.data)
    .bss                                     0x2000058c   Section     1024  stm32f10x_it.o(.bss)
    .bss                                     0x2000098c   Section       79  usart.o(.bss)
    .bss                                     0x200009dc   Section      200  bq76930.o(.bss)
    STACK                                    0x20000aa8   Section     1024  startup_stm32f10x_md.o(STACK)

    Global Symbols

    Symbol Name                              Value     Ov Type        Size  Object(Section)

    BuildAttributes$$THM_ISAv4$P$D$K$B$S$PE$A:L22UL41UL21$X:L11$S22US41US21$IEEE1$IW$USESV6$~STKCKD$USESV7$~SHL$OTIME$ROPI$IEEEX$EBA8$MICROLIB$REQ8$PRES8$EABIv2 0x00000000   Number         0  anon$$obj.o ABSOLUTE
    __ARM_use_no_argv                        0x00000000   Number         0  main.o ABSOLUTE
    __use_no_errno                           0x00000000   Number         0  useno.o ABSOLUTE
    __use_no_exception_handling              0x00000000   Number         0  useno.o ABSOLUTE
    __use_no_fp                              0x00000000   Number         0  useno.o ABSOLUTE
    __use_no_heap                            0x00000000   Number         0  useno.o ABSOLUTE
    __use_no_heap_region                     0x00000000   Number         0  useno.o ABSOLUTE
    __use_no_semihosting                     0x00000000   Number         0  useno.o ABSOLUTE
    __use_no_semihosting_swi                 0x00000000   Number         0  useno.o ABSOLUTE
    __use_no_signal_handling                 0x00000000   Number         0  useno.o ABSOLUTE
    _printf_a                                0x00000000   Number         0  stubs.o ABSOLUTE
    _printf_c                                0x00000000   Number         0  stubs.o ABSOLUTE
    _printf_charcount                        0x00000000   Number         0  stubs.o ABSOLUTE
    _printf_d                                0x00000000   Number         0  stubs.o ABSOLUTE
    _printf_e                                0x00000000   Number         0  stubs.o ABSOLUTE
    _printf_f                                0x00000000   Number         0  stubs.o ABSOLUTE
    _printf_flags                            0x00000000   Number         0  stubs.o ABSOLUTE
    _printf_fp_dec                           0x00000000   Number         0  stubs.o ABSOLUTE
    _printf_fp_hex                           0x00000000   Number         0  stubs.o ABSOLUTE
    _printf_g                                0x00000000   Number         0  stubs.o ABSOLUTE
    _printf_i                                0x00000000   Number         0  stubs.o ABSOLUTE
    _printf_int_dec                          0x00000000   Number         0  stubs.o ABSOLUTE
    _printf_l                                0x00000000   Number         0  stubs.o ABSOLUTE
    _printf_lc                               0x00000000   Number         0  stubs.o ABSOLUTE
    _printf_ll                               0x00000000   Number         0  stubs.o ABSOLUTE
    _printf_lld                              0x00000000   Number         0  stubs.o ABSOLUTE
    _printf_lli                              0x00000000   Number         0  stubs.o ABSOLUTE
    _printf_llo                              0x00000000   Number         0  stubs.o ABSOLUTE
    _printf_llu                              0x00000000   Number         0  stubs.o ABSOLUTE
    _printf_llx                              0x00000000   Number         0  stubs.o ABSOLUTE
    _printf_longlong_dec                     0x00000000   Number         0  stubs.o ABSOLUTE
    _printf_longlong_hex                     0x00000000   Number         0  stubs.o ABSOLUTE
    _printf_longlong_oct                     0x00000000   Number         0  stubs.o ABSOLUTE
    _printf_ls                               0x00000000   Number         0  stubs.o ABSOLUTE
    _printf_mbtowc                           0x00000000   Number         0  stubs.o ABSOLUTE
    _printf_n                                0x00000000   Number         0  stubs.o ABSOLUTE
    _printf_o                                0x00000000   Number         0  stubs.o ABSOLUTE
    _printf_p                                0x00000000   Number         0  stubs.o ABSOLUTE
    _printf_percent                          0x00000000   Number         0  stubs.o ABSOLUTE
    _printf_pre_padding                      0x00000000   Number         0  stubs.o ABSOLUTE
    _printf_return_value                     0x00000000   Number         0  stubs.o ABSOLUTE
    _printf_s                                0x00000000   Number         0  stubs.o ABSOLUTE
    _printf_sizespec                         0x00000000   Number         0  stubs.o ABSOLUTE
    _printf_str                              0x00000000   Number         0  stubs.o ABSOLUTE
    _printf_truncate_signed                  0x00000000   Number         0  stubs.o ABSOLUTE
    _printf_truncate_unsigned                0x00000000   Number         0  stubs.o ABSOLUTE
    _printf_u                                0x00000000   Number         0  stubs.o ABSOLUTE
    _printf_wc                               0x00000000   Number         0  stubs.o ABSOLUTE
    _printf_wctomb                           0x00000000   Number         0  stubs.o ABSOLUTE
    _printf_widthprec                        0x00000000   Number         0  stubs.o ABSOLUTE
    _printf_x                                0x00000000   Number         0  stubs.o ABSOLUTE
    __arm_fini_                               - Undefined Weak Reference
    __cpp_initialize__aeabi_                  - Undefined Weak Reference
    __cxa_finalize                            - Undefined Weak Reference
    _clock_init                               - Undefined Weak Reference
    _microlib_exit                            - Undefined Weak Reference
    __Vectors_Size                           0x000000ec   Number         0  startup_stm32f10x_md.o ABSOLUTE
    __Vectors                                0x08000000   Data           4  startup_stm32f10x_md.o(RESET)
    __Vectors_End                            0x080000ec   Data           0  startup_stm32f10x_md.o(RESET)
    __main                                   0x080000ed   Thumb Code     0  entry.o(.ARM.Collect$$$$00000000)
    _main_stk                                0x080000ed   Thumb Code     0  entry2.o(.ARM.Collect$$$$00000001)
    _main_scatterload                        0x080000f1   Thumb Code     0  entry5.o(.ARM.Collect$$$$00000004)
    __main_after_scatterload                 0x080000f5   Thumb Code     0  entry5.o(.ARM.Collect$$$$00000004)
    _main_clock                              0x080000f5   Thumb Code     0  entry7b.o(.ARM.Collect$$$$00000008)
    _main_cpp_init                           0x080000f5   Thumb Code     0  entry8b.o(.ARM.Collect$$$$0000000A)
    _main_init                               0x080000f5   Thumb Code     0  entry9a.o(.ARM.Collect$$$$0000000B)
    __rt_lib_shutdown_fini                   0x080000fd   Thumb Code     0  entry12b.o(.ARM.Collect$$$$0000000E)
    __rt_final_cpp                           0x08000101   Thumb Code     0  entry10a.o(.ARM.Collect$$$$0000000F)
    __rt_final_exit                          0x08000101   Thumb Code     0  entry11a.o(.ARM.Collect$$$$00000011)
    Reset_Handler                            0x08000105   Thumb Code     8  startup_stm32f10x_md.o(.text)
    ADC1_2_IRQHandler                        0x0800011f   Thumb Code     0  startup_stm32f10x_md.o(.text)
    CAN1_RX1_IRQHandler                      0x0800011f   Thumb Code     0  startup_stm32f10x_md.o(.text)
    CAN1_SCE_IRQHandler                      0x0800011f   Thumb Code     0  startup_stm32f10x_md.o(.text)
    DMA1_Channel1_IRQHandler                 0x0800011f   Thumb Code     0  startup_stm32f10x_md.o(.text)
    DMA1_Channel2_IRQHandler                 0x0800011f   Thumb Code     0  startup_stm32f10x_md.o(.text)
    DMA1_Channel3_IRQHandler                 0x0800011f   Thumb Code     0  startup_stm32f10x_md.o(.text)
    DMA1_Channel4_IRQHandler                 0x0800011f   Thumb Code     0  startup_stm32f10x_md.o(.text)
    DMA1_Channel5_IRQHandler                 0x0800011f   Thumb Code     0  startup_stm32f10x_md.o(.text)
    DMA1_Channel6_IRQHandler                 0x0800011f   Thumb Code     0  startup_stm32f10x_md.o(.text)
    DMA1_Channel7_IRQHandler                 0x0800011f   Thumb Code     0  startup_stm32f10x_md.o(.text)
    EXTI0_IRQHandler                         0x0800011f   Thumb Code     0  startup_stm32f10x_md.o(.text)
    EXTI15_10_IRQHandler                     0x0800011f   Thumb Code     0  startup_stm32f10x_md.o(.text)
    EXTI1_IRQHandler                         0x0800011f   Thumb Code     0  startup_stm32f10x_md.o(.text)
    EXTI2_IRQHandler                         0x0800011f   Thumb Code     0  startup_stm32f10x_md.o(.text)
    EXTI3_IRQHandler                         0x0800011f   Thumb Code     0  startup_stm32f10x_md.o(.text)
    EXTI4_IRQHandler                         0x0800011f   Thumb Code     0  startup_stm32f10x_md.o(.text)
    EXTI9_5_IRQHandler                       0x0800011f   Thumb Code     0  startup_stm32f10x_md.o(.text)
    FLASH_IRQHandler                         0x0800011f   Thumb Code     0  startup_stm32f10x_md.o(.text)
    I2C1_ER_IRQHandler                       0x0800011f   Thumb Code     0  startup_stm32f10x_md.o(.text)
    I2C1_EV_IRQHandler                       0x0800011f   Thumb Code     0  startup_stm32f10x_md.o(.text)
    I2C2_ER_IRQHandler                       0x0800011f   Thumb Code     0  startup_stm32f10x_md.o(.text)
    I2C2_EV_IRQHandler                       0x0800011f   Thumb Code     0  startup_stm32f10x_md.o(.text)
    PVD_IRQHandler                           0x0800011f   Thumb Code     0  startup_stm32f10x_md.o(.text)
    RCC_IRQHandler                           0x0800011f   Thumb Code     0  startup_stm32f10x_md.o(.text)
    RTCAlarm_IRQHandler                      0x0800011f   Thumb Code     0  startup_stm32f10x_md.o(.text)
    RTC_IRQHandler                           0x0800011f   Thumb Code     0  startup_stm32f10x_md.o(.text)
    SPI1_IRQHandler                          0x0800011f   Thumb Code     0  startup_stm32f10x_md.o(.text)
    SPI2_IRQHandler                          0x0800011f   Thumb Code     0  startup_stm32f10x_md.o(.text)
    TAMPER_IRQHandler                        0x0800011f   Thumb Code     0  startup_stm32f10x_md.o(.text)
    TIM1_BRK_IRQHandler                      0x0800011f   Thumb Code     0  startup_stm32f10x_md.o(.text)
    TIM1_CC_IRQHandler                       0x0800011f   Thumb Code     0  startup_stm32f10x_md.o(.text)
    TIM1_TRG_COM_IRQHandler                  0x0800011f   Thumb Code     0  startup_stm32f10x_md.o(.text)
    TIM1_UP_IRQHandler                       0x0800011f   Thumb Code     0  startup_stm32f10x_md.o(.text)
    TIM3_IRQHandler                          0x0800011f   Thumb Code     0  startup_stm32f10x_md.o(.text)
    TIM4_IRQHandler                          0x0800011f   Thumb Code     0  startup_stm32f10x_md.o(.text)
    USART2_IRQHandler                        0x0800011f   Thumb Code     0  startup_stm32f10x_md.o(.text)
    USART3_IRQHandler                        0x0800011f   Thumb Code     0  startup_stm32f10x_md.o(.text)
    USBWakeUp_IRQHandler                     0x0800011f   Thumb Code     0  startup_stm32f10x_md.o(.text)
    USB_HP_CAN1_TX_IRQHandler                0x0800011f   Thumb Code     0  startup_stm32f10x_md.o(.text)
    USB_LP_CAN1_RX0_IRQHandler               0x0800011f   Thumb Code     0  startup_stm32f10x_md.o(.text)
    WWDG_IRQHandler                          0x0800011f   Thumb Code     0  startup_stm32f10x_md.o(.text)
    Write_Flash                              0x08000129   Thumb Code    30  main.o(.text)
    Read_Flash                               0x08000147   Thumb Code     6  main.o(.text)
    Get_Real_Flash_Size                      0x0800014d   Thumb Code     6  main.o(.text)
    RECEICE_DATA_DEAL                        0x08000153   Thumb Code   422  main.o(.text)
    main                                     0x080002f9   Thumb Code   868  main.o(.text)
    NMI_Handler                              0x08000671   Thumb Code     2  stm32f10x_it.o(.text)
    HardFault_Handler                        0x08000673   Thumb Code     4  stm32f10x_it.o(.text)
    MemManage_Handler                        0x08000677   Thumb Code     4  stm32f10x_it.o(.text)
    BusFault_Handler                         0x0800067b   Thumb Code     4  stm32f10x_it.o(.text)
    UsageFault_Handler                       0x0800067f   Thumb Code     4  stm32f10x_it.o(.text)
    SVC_Handler                              0x08000683   Thumb Code     2  stm32f10x_it.o(.text)
    DebugMon_Handler                         0x08000685   Thumb Code     2  stm32f10x_it.o(.text)
    PendSV_Handler                           0x08000687   Thumb Code     2  stm32f10x_it.o(.text)
    SysTick_Handler                          0x08000689   Thumb Code    18  stm32f10x_it.o(.text)
    USART1_IRQHandler                        0x0800069b   Thumb Code    54  stm32f10x_it.o(.text)
    TIM2_IRQHandler                          0x080006d1   Thumb Code    80  stm32f10x_it.o(.text)
    NVIC_PriorityGroupConfig                 0x08000735   Thumb Code    10  misc.o(.text)
    NVIC_Init                                0x0800073f   Thumb Code   100  misc.o(.text)
    NVIC_SetVectorTable                      0x080007a3   Thumb Code    14  misc.o(.text)
    NVIC_SystemLPConfig                      0x080007b1   Thumb Code    34  misc.o(.text)
    SysTick_CLKSourceConfig                  0x080007d3   Thumb Code    40  misc.o(.text)
    CAN_DeInit                               0x08000811   Thumb Code    50  stm32f10x_can.o(.text)
    CAN_Init                                 0x08000843   Thumb Code   276  stm32f10x_can.o(.text)
    CAN_FilterInit                           0x08000957   Thumb Code   258  stm32f10x_can.o(.text)
    CAN_StructInit                           0x08000a59   Thumb Code    32  stm32f10x_can.o(.text)
    CAN_SlaveStartBank                       0x08000a79   Thumb Code    48  stm32f10x_can.o(.text)
    CAN_DBGFreeze                            0x08000aa9   Thumb Code    22  stm32f10x_can.o(.text)
    CAN_TTComModeCmd                         0x08000abf   Thumb Code   118  stm32f10x_can.o(.text)
    CAN_Transmit                             0x08000b35   Thumb Code   304  stm32f10x_can.o(.text)
    CAN_TransmitStatus                       0x08000c65   Thumb Code   138  stm32f10x_can.o(.text)
    CAN_CancelTransmit                       0x08000cef   Thumb Code    48  stm32f10x_can.o(.text)
    CAN_Receive                              0x08000d1f   Thumb Code   240  stm32f10x_can.o(.text)
    CAN_FIFORelease                          0x08000e0f   Thumb Code    22  stm32f10x_can.o(.text)
    CAN_MessagePending                       0x08000e25   Thumb Code    30  stm32f10x_can.o(.text)
    CAN_OperatingModeRequest                 0x08000e43   Thumb Code   162  stm32f10x_can.o(.text)
    CAN_Sleep                                0x08000ee5   Thumb Code    30  stm32f10x_can.o(.text)
    CAN_WakeUp                               0x08000f03   Thumb Code    48  stm32f10x_can.o(.text)
    CAN_GetLastErrorCode                     0x08000f33   Thumb Code    12  stm32f10x_can.o(.text)
    CAN_GetReceiveErrorCounter               0x08000f3f   Thumb Code    10  stm32f10x_can.o(.text)
    CAN_GetLSBTransmitErrorCounter           0x08000f49   Thumb Code    12  stm32f10x_can.o(.text)
    CAN_ITConfig                             0x08000f55   Thumb Code    18  stm32f10x_can.o(.text)
    CAN_GetFlagStatus                        0x08000f67   Thumb Code   120  stm32f10x_can.o(.text)
    CAN_ClearFlag                            0x08000fdf   Thumb Code    52  stm32f10x_can.o(.text)
    CAN_GetITStatus                          0x08001025   Thumb Code   310  stm32f10x_can.o(.text)
    CAN_ClearITPendingBit                    0x0800115b   Thumb Code   162  stm32f10x_can.o(.text)
    FLASH_SetLatency                         0x08001201   Thumb Code    18  stm32f10x_flash.o(.text)
    FLASH_HalfCycleAccessCmd                 0x08001213   Thumb Code    22  stm32f10x_flash.o(.text)
    FLASH_PrefetchBufferCmd                  0x08001229   Thumb Code    22  stm32f10x_flash.o(.text)
    FLASH_Unlock                             0x0800123f   Thumb Code    12  stm32f10x_flash.o(.text)
    FLASH_UnlockBank1                        0x0800124b   Thumb Code    12  stm32f10x_flash.o(.text)
    FLASH_Lock                               0x08001257   Thumb Code    14  stm32f10x_flash.o(.text)
    FLASH_LockBank1                          0x08001265   Thumb Code    14  stm32f10x_flash.o(.text)
    FLASH_GetBank1Status                     0x08001273   Thumb Code    48  stm32f10x_flash.o(.text)
    FLASH_WaitForLastOperation               0x080012a3   Thumb Code    38  stm32f10x_flash.o(.text)
    FLASH_ErasePage                          0x080012c9   Thumb Code    72  stm32f10x_flash.o(.text)
    FLASH_EraseAllPages                      0x08001311   Thumb Code    68  stm32f10x_flash.o(.text)
    FLASH_WaitForLastBank1Operation          0x08001355   Thumb Code    38  stm32f10x_flash.o(.text)
    FLASH_EraseAllBank1Pages                 0x0800137b   Thumb Code    68  stm32f10x_flash.o(.text)
    FLASH_GetReadOutProtectionStatus         0x080013bf   Thumb Code    20  stm32f10x_flash.o(.text)
    FLASH_EraseOptionBytes                   0x080013d3   Thumb Code   150  stm32f10x_flash.o(.text)
    FLASH_ProgramWord                        0x08001469   Thumb Code   102  stm32f10x_flash.o(.text)
    FLASH_ProgramHalfWord                    0x080014cf   Thumb Code    60  stm32f10x_flash.o(.text)
    FLASH_ProgramOptionByteData              0x0800150b   Thumb Code    72  stm32f10x_flash.o(.text)
    FLASH_EnableWriteProtection              0x08001553   Thumb Code   200  stm32f10x_flash.o(.text)
    FLASH_ReadOutProtection                  0x0800161b   Thumb Code   156  stm32f10x_flash.o(.text)
    FLASH_UserOptionByteConfig               0x080016b7   Thumb Code    88  stm32f10x_flash.o(.text)
    FLASH_GetUserOptionByte                  0x0800170f   Thumb Code     8  stm32f10x_flash.o(.text)
    FLASH_GetWriteProtectionOptionByte       0x08001717   Thumb Code     6  stm32f10x_flash.o(.text)
    FLASH_GetPrefetchBufferStatus            0x0800171d   Thumb Code    20  stm32f10x_flash.o(.text)
    FLASH_ITConfig                           0x08001731   Thumb Code    26  stm32f10x_flash.o(.text)
    FLASH_GetFlagStatus                      0x0800174b   Thumb Code    42  stm32f10x_flash.o(.text)
    FLASH_ClearFlag                          0x08001775   Thumb Code     6  stm32f10x_flash.o(.text)
    FLASH_GetStatus                          0x0800177b   Thumb Code    48  stm32f10x_flash.o(.text)
    GPIO_DeInit                              0x080017bd   Thumb Code   172  stm32f10x_gpio.o(.text)
    GPIO_AFIODeInit                          0x08001869   Thumb Code    20  stm32f10x_gpio.o(.text)
    GPIO_Init                                0x0800187d   Thumb Code   278  stm32f10x_gpio.o(.text)
    GPIO_StructInit                          0x08001993   Thumb Code    16  stm32f10x_gpio.o(.text)
    GPIO_ReadInputDataBit                    0x080019a3   Thumb Code    18  stm32f10x_gpio.o(.text)
    GPIO_ReadInputData                       0x080019b5   Thumb Code     8  stm32f10x_gpio.o(.text)
    GPIO_ReadOutputDataBit                   0x080019bd   Thumb Code    18  stm32f10x_gpio.o(.text)
    GPIO_ReadOutputData                      0x080019cf   Thumb Code     8  stm32f10x_gpio.o(.text)
    GPIO_SetBits                             0x080019d7   Thumb Code     4  stm32f10x_gpio.o(.text)
    GPIO_ResetBits                           0x080019db   Thumb Code     4  stm32f10x_gpio.o(.text)
    GPIO_WriteBit                            0x080019df   Thumb Code    10  stm32f10x_gpio.o(.text)
    GPIO_Write                               0x080019e9   Thumb Code     4  stm32f10x_gpio.o(.text)
    GPIO_PinLockConfig                       0x080019ed   Thumb Code    18  stm32f10x_gpio.o(.text)
    GPIO_EventOutputConfig                   0x080019ff   Thumb Code    26  stm32f10x_gpio.o(.text)
    GPIO_EventOutputCmd                      0x08001a19   Thumb Code     6  stm32f10x_gpio.o(.text)
    GPIO_PinRemapConfig                      0x08001a1f   Thumb Code   138  stm32f10x_gpio.o(.text)
    GPIO_EXTILineConfig                      0x08001aa9   Thumb Code    66  stm32f10x_gpio.o(.text)
    GPIO_ETH_MediaInterfaceConfig            0x08001aeb   Thumb Code     8  stm32f10x_gpio.o(.text)
    IWDG_WriteAccessCmd                      0x08001b19   Thumb Code     6  stm32f10x_iwdg.o(.text)
    IWDG_SetPrescaler                        0x08001b1f   Thumb Code     6  stm32f10x_iwdg.o(.text)
    IWDG_SetReload                           0x08001b25   Thumb Code     6  stm32f10x_iwdg.o(.text)
    IWDG_ReloadCounter                       0x08001b2b   Thumb Code    10  stm32f10x_iwdg.o(.text)
    IWDG_Enable                              0x08001b35   Thumb Code    10  stm32f10x_iwdg.o(.text)
    IWDG_GetFlagStatus                       0x08001b3f   Thumb Code    20  stm32f10x_iwdg.o(.text)
    RCC_DeInit                               0x08001b59   Thumb Code    64  stm32f10x_rcc.o(.text)
    RCC_HSEConfig                            0x08001b99   Thumb Code    70  stm32f10x_rcc.o(.text)
    RCC_GetFlagStatus                        0x08001bdf   Thumb Code    56  stm32f10x_rcc.o(.text)
    RCC_WaitForHSEStartUp                    0x08001c17   Thumb Code    56  stm32f10x_rcc.o(.text)
    RCC_AdjustHSICalibrationValue            0x08001c4f   Thumb Code    20  stm32f10x_rcc.o(.text)
    RCC_HSICmd                               0x08001c63   Thumb Code     6  stm32f10x_rcc.o(.text)
    RCC_PLLConfig                            0x08001c69   Thumb Code    24  stm32f10x_rcc.o(.text)
    RCC_PLLCmd                               0x08001c81   Thumb Code     6  stm32f10x_rcc.o(.text)
    RCC_SYSCLKConfig                         0x08001c87   Thumb Code    18  stm32f10x_rcc.o(.text)
    RCC_GetSYSCLKSource                      0x08001c99   Thumb Code    10  stm32f10x_rcc.o(.text)
    RCC_HCLKConfig                           0x08001ca3   Thumb Code    18  stm32f10x_rcc.o(.text)
    RCC_PCLK1Config                          0x08001cb5   Thumb Code    18  stm32f10x_rcc.o(.text)
    RCC_PCLK2Config                          0x08001cc7   Thumb Code    20  stm32f10x_rcc.o(.text)
    RCC_ITConfig                             0x08001cdb   Thumb Code    26  stm32f10x_rcc.o(.text)
    RCC_USBCLKConfig                         0x08001cf5   Thumb Code     8  stm32f10x_rcc.o(.text)
    RCC_ADCCLKConfig                         0x08001cfd   Thumb Code    18  stm32f10x_rcc.o(.text)
    RCC_LSEConfig                            0x08001d0f   Thumb Code    50  stm32f10x_rcc.o(.text)
    RCC_LSICmd                               0x08001d41   Thumb Code     6  stm32f10x_rcc.o(.text)
    RCC_RTCCLKConfig                         0x08001d47   Thumb Code    12  stm32f10x_rcc.o(.text)
    RCC_RTCCLKCmd                            0x08001d53   Thumb Code     8  stm32f10x_rcc.o(.text)
    RCC_GetClocksFreq                        0x08001d5b   Thumb Code   192  stm32f10x_rcc.o(.text)
    RCC_AHBPeriphClockCmd                    0x08001e1b   Thumb Code    26  stm32f10x_rcc.o(.text)
    RCC_APB2PeriphClockCmd                   0x08001e35   Thumb Code    26  stm32f10x_rcc.o(.text)
    RCC_APB1PeriphClockCmd                   0x08001e4f   Thumb Code    26  stm32f10x_rcc.o(.text)
    RCC_APB2PeriphResetCmd                   0x08001e69   Thumb Code    26  stm32f10x_rcc.o(.text)
    RCC_APB1PeriphResetCmd                   0x08001e83   Thumb Code    26  stm32f10x_rcc.o(.text)
    RCC_BackupResetCmd                       0x08001e9d   Thumb Code     8  stm32f10x_rcc.o(.text)
    RCC_ClockSecuritySystemCmd               0x08001ea5   Thumb Code     6  stm32f10x_rcc.o(.text)
    RCC_MCOConfig                            0x08001eab   Thumb Code     6  stm32f10x_rcc.o(.text)
    RCC_ClearFlag                            0x08001eb1   Thumb Code    14  stm32f10x_rcc.o(.text)
    RCC_GetITStatus                          0x08001ebf   Thumb Code    20  stm32f10x_rcc.o(.text)
    RCC_ClearITPendingBit                    0x08001ed3   Thumb Code     6  stm32f10x_rcc.o(.text)
    TIM_DeInit                               0x08001efd   Thumb Code   424  stm32f10x_tim.o(.text)
    TIM_TimeBaseInit                         0x080020a5   Thumb Code   122  stm32f10x_tim.o(.text)
    TIM_OC1Init                              0x0800211f   Thumb Code   132  stm32f10x_tim.o(.text)
    TIM_OC2Init                              0x080021a3   Thumb Code   154  stm32f10x_tim.o(.text)
    TIM_OC3Init                              0x0800223d   Thumb Code   150  stm32f10x_tim.o(.text)
    TIM_OC4Init                              0x080022d3   Thumb Code   182  stm32f10x_tim.o(.text)
    TIM_SetIC4Prescaler                      0x08002389   Thumb Code    26  stm32f10x_tim.o(.text)
    TIM_SetIC3Prescaler                      0x08002425   Thumb Code    18  stm32f10x_tim.o(.text)
    TIM_SetIC2Prescaler                      0x080024b1   Thumb Code    26  stm32f10x_tim.o(.text)
    TIM_SetIC1Prescaler                      0x0800254d   Thumb Code    18  stm32f10x_tim.o(.text)
    TIM_ICInit                               0x080025cb   Thumb Code   150  stm32f10x_tim.o(.text)
    TIM_PWMIConfig                           0x08002661   Thumb Code   124  stm32f10x_tim.o(.text)
    TIM_BDTRConfig                           0x080026dd   Thumb Code    32  stm32f10x_tim.o(.text)
    TIM_TimeBaseStructInit                   0x080026fd   Thumb Code    18  stm32f10x_tim.o(.text)
    TIM_OCStructInit                         0x0800270f   Thumb Code    20  stm32f10x_tim.o(.text)
    TIM_ICStructInit                         0x08002723   Thumb Code    18  stm32f10x_tim.o(.text)
    TIM_BDTRStructInit                       0x08002735   Thumb Code    40  stm32f10x_tim.o(.text)
    TIM_Cmd                                  0x0800275d   Thumb Code    24  stm32f10x_tim.o(.text)
    TIM_CtrlPWMOutputs                       0x08002775   Thumb Code    30  stm32f10x_tim.o(.text)
    TIM_ITConfig                             0x08002793   Thumb Code    18  stm32f10x_tim.o(.text)
    TIM_GenerateEvent                        0x080027a5   Thumb Code     4  stm32f10x_tim.o(.text)
    TIM_DMAConfig                            0x080027a9   Thumb Code    10  stm32f10x_tim.o(.text)
    TIM_DMACmd                               0x080027b3   Thumb Code    18  stm32f10x_tim.o(.text)
    TIM_InternalClockConfig                  0x080027c5   Thumb Code    12  stm32f10x_tim.o(.text)
    TIM_SelectInputTrigger                   0x080027d1   Thumb Code    18  stm32f10x_tim.o(.text)
    TIM_ITRxExternalClockConfig              0x080027e3   Thumb Code    24  stm32f10x_tim.o(.text)
    TIM_TIxExternalClockConfig               0x080027fb   Thumb Code    62  stm32f10x_tim.o(.text)
    TIM_ETRConfig                            0x08002839   Thumb Code    28  stm32f10x_tim.o(.text)
    TIM_ETRClockMode1Config                  0x08002855   Thumb Code    54  stm32f10x_tim.o(.text)
    TIM_ETRClockMode2Config                  0x0800288b   Thumb Code    32  stm32f10x_tim.o(.text)
    TIM_PrescalerConfig                      0x080028ab   Thumb Code     6  stm32f10x_tim.o(.text)
    TIM_CounterModeConfig                    0x080028b1   Thumb Code    18  stm32f10x_tim.o(.text)
    TIM_EncoderInterfaceConfig               0x080028c3   Thumb Code    66  stm32f10x_tim.o(.text)
    TIM_ForcedOC1Config                      0x08002905   Thumb Code    18  stm32f10x_tim.o(.text)
    TIM_ForcedOC2Config                      0x08002917   Thumb Code    26  stm32f10x_tim.o(.text)
    TIM_ForcedOC3Config                      0x08002931   Thumb Code    18  stm32f10x_tim.o(.text)
    TIM_ForcedOC4Config                      0x08002943   Thumb Code    26  stm32f10x_tim.o(.text)
    TIM_ARRPreloadConfig                     0x0800295d   Thumb Code    24  stm32f10x_tim.o(.text)
    TIM_SelectCOM                            0x08002975   Thumb Code    24  stm32f10x_tim.o(.text)
    TIM_SelectCCDMA                          0x0800298d   Thumb Code    24  stm32f10x_tim.o(.text)
    TIM_CCPreloadControl                     0x080029a5   Thumb Code    24  stm32f10x_tim.o(.text)
    TIM_OC1PreloadConfig                     0x080029bd   Thumb Code    18  stm32f10x_tim.o(.text)
    TIM_OC2PreloadConfig                     0x080029cf   Thumb Code    26  stm32f10x_tim.o(.text)
    TIM_OC3PreloadConfig                     0x080029e9   Thumb Code    18  stm32f10x_tim.o(.text)
    TIM_OC4PreloadConfig                     0x080029fb   Thumb Code    26  stm32f10x_tim.o(.text)
    TIM_OC1FastConfig                        0x08002a15   Thumb Code    18  stm32f10x_tim.o(.text)
    TIM_OC2FastConfig                        0x08002a27   Thumb Code    26  stm32f10x_tim.o(.text)
    TIM_OC3FastConfig                        0x08002a41   Thumb Code    18  stm32f10x_tim.o(.text)
    TIM_OC4FastConfig                        0x08002a53   Thumb Code    26  stm32f10x_tim.o(.text)
    TIM_ClearOC1Ref                          0x08002a6d   Thumb Code    18  stm32f10x_tim.o(.text)
    TIM_ClearOC2Ref                          0x08002a7f   Thumb Code    24  stm32f10x_tim.o(.text)
    TIM_ClearOC3Ref                          0x08002a97   Thumb Code    18  stm32f10x_tim.o(.text)
    TIM_ClearOC4Ref                          0x08002aa9   Thumb Code    24  stm32f10x_tim.o(.text)
    TIM_OC1PolarityConfig                    0x08002ac1   Thumb Code    18  stm32f10x_tim.o(.text)
    TIM_OC1NPolarityConfig                   0x08002ad3   Thumb Code    18  stm32f10x_tim.o(.text)
    TIM_OC2PolarityConfig                    0x08002ae5   Thumb Code    26  stm32f10x_tim.o(.text)
    TIM_OC2NPolarityConfig                   0x08002aff   Thumb Code    26  stm32f10x_tim.o(.text)
    TIM_OC3PolarityConfig                    0x08002b19   Thumb Code    26  stm32f10x_tim.o(.text)
    TIM_OC3NPolarityConfig                   0x08002b33   Thumb Code    26  stm32f10x_tim.o(.text)
    TIM_OC4PolarityConfig                    0x08002b4d   Thumb Code    26  stm32f10x_tim.o(.text)
    TIM_CCxCmd                               0x08002b67   Thumb Code    30  stm32f10x_tim.o(.text)
    TIM_CCxNCmd                              0x08002b85   Thumb Code    30  stm32f10x_tim.o(.text)
    TIM_SelectOCxM                           0x08002ba3   Thumb Code    82  stm32f10x_tim.o(.text)
    TIM_UpdateDisableConfig                  0x08002bf5   Thumb Code    24  stm32f10x_tim.o(.text)
    TIM_UpdateRequestConfig                  0x08002c0d   Thumb Code    24  stm32f10x_tim.o(.text)
    TIM_SelectHallSensor                     0x08002c25   Thumb Code    24  stm32f10x_tim.o(.text)
    TIM_SelectOnePulseMode                   0x08002c3d   Thumb Code    18  stm32f10x_tim.o(.text)
    TIM_SelectOutputTrigger                  0x08002c4f   Thumb Code    18  stm32f10x_tim.o(.text)
    TIM_SelectSlaveMode                      0x08002c61   Thumb Code    18  stm32f10x_tim.o(.text)
    TIM_SelectMasterSlaveMode                0x08002c73   Thumb Code    18  stm32f10x_tim.o(.text)
    TIM_SetCounter                           0x08002c85   Thumb Code     4  stm32f10x_tim.o(.text)
    TIM_SetAutoreload                        0x08002c89   Thumb Code     4  stm32f10x_tim.o(.text)
    TIM_SetCompare1                          0x08002c8d   Thumb Code     4  stm32f10x_tim.o(.text)
    TIM_SetCompare2                          0x08002c91   Thumb Code     4  stm32f10x_tim.o(.text)
    TIM_SetCompare3                          0x08002c95   Thumb Code     4  stm32f10x_tim.o(.text)
    TIM_SetCompare4                          0x08002c99   Thumb Code     6  stm32f10x_tim.o(.text)
    TIM_SetClockDivision                     0x08002c9f   Thumb Code    18  stm32f10x_tim.o(.text)
    TIM_GetCapture1                          0x08002cb1   Thumb Code     6  stm32f10x_tim.o(.text)
    TIM_GetCapture2                          0x08002cb7   Thumb Code     6  stm32f10x_tim.o(.text)
    TIM_GetCapture3                          0x08002cbd   Thumb Code     6  stm32f10x_tim.o(.text)
    TIM_GetCapture4                          0x08002cc3   Thumb Code     8  stm32f10x_tim.o(.text)
    TIM_GetCounter                           0x08002ccb   Thumb Code     6  stm32f10x_tim.o(.text)
    TIM_GetPrescaler                         0x08002cd1   Thumb Code     6  stm32f10x_tim.o(.text)
    TIM_GetFlagStatus                        0x08002cd7   Thumb Code    18  stm32f10x_tim.o(.text)
    TIM_ClearFlag                            0x08002ce9   Thumb Code     6  stm32f10x_tim.o(.text)
    TIM_GetITStatus                          0x08002cef   Thumb Code    34  stm32f10x_tim.o(.text)
    TIM_ClearITPendingBit                    0x08002d11   Thumb Code     6  stm32f10x_tim.o(.text)
    USART_DeInit                             0x08002d19   Thumb Code   134  stm32f10x_usart.o(.text)
    USART_Init                               0x08002d9f   Thumb Code   210  stm32f10x_usart.o(.text)
    USART_StructInit                         0x08002e71   Thumb Code    24  stm32f10x_usart.o(.text)
    USART_ClockInit                          0x08002e89   Thumb Code    34  stm32f10x_usart.o(.text)
    USART_ClockStructInit                    0x08002eab   Thumb Code    12  stm32f10x_usart.o(.text)
    USART_Cmd                                0x08002eb7   Thumb Code    24  stm32f10x_usart.o(.text)
    USART_ITConfig                           0x08002ecf   Thumb Code    74  stm32f10x_usart.o(.text)
    USART_DMACmd                             0x08002f19   Thumb Code    18  stm32f10x_usart.o(.text)
    USART_SetAddress                         0x08002f2b   Thumb Code    18  stm32f10x_usart.o(.text)
    USART_WakeUpConfig                       0x08002f3d   Thumb Code    18  stm32f10x_usart.o(.text)
    USART_ReceiverWakeUpCmd                  0x08002f4f   Thumb Code    24  stm32f10x_usart.o(.text)
    USART_LINBreakDetectLengthConfig         0x08002f67   Thumb Code    18  stm32f10x_usart.o(.text)
    USART_LINCmd                             0x08002f79   Thumb Code    24  stm32f10x_usart.o(.text)
    USART_SendData                           0x08002f91   Thumb Code     8  stm32f10x_usart.o(.text)
    USART_ReceiveData                        0x08002f99   Thumb Code    10  stm32f10x_usart.o(.text)
    USART_SendBreak                          0x08002fa3   Thumb Code    10  stm32f10x_usart.o(.text)
    USART_SetGuardTime                       0x08002fad   Thumb Code    16  stm32f10x_usart.o(.text)
    USART_SetPrescaler                       0x08002fbd   Thumb Code    16  stm32f10x_usart.o(.text)
    USART_SmartCardCmd                       0x08002fcd   Thumb Code    24  stm32f10x_usart.o(.text)
    USART_SmartCardNACKCmd                   0x08002fe5   Thumb Code    24  stm32f10x_usart.o(.text)
    USART_HalfDuplexCmd                      0x08002ffd   Thumb Code    24  stm32f10x_usart.o(.text)
    USART_OverSampling8Cmd                   0x08003015   Thumb Code    22  stm32f10x_usart.o(.text)
    USART_OneBitMethodCmd                    0x0800302b   Thumb Code    24  stm32f10x_usart.o(.text)
    USART_IrDAConfig                         0x08003043   Thumb Code    18  stm32f10x_usart.o(.text)
    USART_IrDACmd                            0x08003055   Thumb Code    24  stm32f10x_usart.o(.text)
    USART_GetFlagStatus                      0x0800306d   Thumb Code    26  stm32f10x_usart.o(.text)
    USART_ClearFlag                          0x08003087   Thumb Code    18  stm32f10x_usart.o(.text)
    USART_GetITStatus                        0x08003099   Thumb Code    84  stm32f10x_usart.o(.text)
    USART_ClearITPendingBit                  0x080030ed   Thumb Code    52  stm32f10x_usart.o(.text)
    SystemInit                               0x080031ff   Thumb Code    78  system_stm32f10x.o(.text)
    SystemCoreClockUpdate                    0x0800324d   Thumb Code   142  system_stm32f10x.o(.text)
    LED_GPIO_Config                          0x08003301   Thumb Code   186  led.o(.text)
    LEDXToggle                               0x080033bb   Thumb Code    84  led.o(.text)
    SYSTICK_Init                             0x0800341d   Thumb Code    90  systick.o(.text)
    delay_us                                 0x08003477   Thumb Code    16  systick.o(.text)
    delay_ms                                 0x08003487   Thumb Code    26  systick.o(.text)
    _sys_exit                                0x080034b5   Thumb Code     4  usart.o(.text)
    fputc                                    0x080034b9   Thumb Code    24  usart.o(.text)
    UartGet                                  0x080034d1   Thumb Code    26  usart.o(.text)
    CheckBusy                                0x080034eb   Thumb Code    24  usart.o(.text)
    get_var                                  0x08003503   Thumb Code    76  usart.o(.text)
    getch                                    0x0800354f   Thumb Code   168  usart.o(.text)
    GetValue                                 0x080035f7   Thumb Code   574  usart.o(.text)
    GetKey                                   0x08003835   Thumb Code   190  usart.o(.text)
    UartSend                                 0x080038f3   Thumb Code    42  usart.o(.text)
    uart_init                                0x0800391d   Thumb Code   154  usart.o(.text)
    Get_offset                               0x080039c5   Thumb Code    80  bq76930.o(.text)
    OCD_SCD_PROTECT                          0x08003a15   Thumb Code    20  bq76930.o(.text)
    OV_UV_1_PROTECT                          0x08003a29   Thumb Code   122  bq76930.o(.text)
    OV_UV_1_2_PROTECT                        0x08003aa3   Thumb Code     8  bq76930.o(.text)
    BQ_1_config                              0x08003aab   Thumb Code    34  bq76930.o(.text)
    BQ_1_2_config                            0x08003acd   Thumb Code     8  bq76930.o(.text)
    WAKE_ALL_DEVICE                          0x08003ad5   Thumb Code    32  bq76930.o(.text)
    BQ76930_config                           0x08003af5   Thumb Code    32  bq76930.o(.text)
    SHIP_ALL_DEVICE                          0x08003b15   Thumb Code    12  bq76930.o(.text)
    Get_Battery1                             0x08003b21   Thumb Code    98  bq76930.o(.text)
    Get_Battery1_me                          0x08003b83   Thumb Code    58  bq76930.o(.text)
    Get_Battery2                             0x08003bbd   Thumb Code   116  bq76930.o(.text)
    Get_Battery3                             0x08003c31   Thumb Code   114  bq76930.o(.text)
    Get_Battery4                             0x08003ca3   Thumb Code   114  bq76930.o(.text)
    Get_Battery5                             0x08003d15   Thumb Code   118  bq76930.o(.text)
    Get_Battery6                             0x08003d8b   Thumb Code   176  bq76930.o(.text)
    Get_Battery7                             0x08003e3b   Thumb Code   118  bq76930.o(.text)
    Get_Battery8                             0x08003eb1   Thumb Code   114  bq76930.o(.text)
    Get_Battery9                             0x08003f23   Thumb Code   118  bq76930.o(.text)
    Get_Battery10                            0x08003f99   Thumb Code   118  bq76930.o(.text)
    Get_Battery11                            0x0800400f   Thumb Code   118  bq76930.o(.text)
    Get_Battery12                            0x08004085   Thumb Code   118  bq76930.o(.text)
    Get_Battery13                            0x080040fb   Thumb Code   118  bq76930.o(.text)
    Get_Battery14                            0x08004171   Thumb Code   118  bq76930.o(.text)
    Get_Battery15                            0x080041e7   Thumb Code   160  bq76930.o(.text)
    Get_Update_ALL_Data                      0x08004287   Thumb Code   114  bq76930.o(.text)
    Get_SOC                                  0x080042f9   Thumb Code   692  bq76930.o(.text)
    Battery1_Balance                         0x080045ad   Thumb Code    12  bq76930.o(.text)
    Battery2_Balance                         0x080045b9   Thumb Code    12  bq76930.o(.text)
    Battery5_Balance                         0x080045c5   Thumb Code    12  bq76930.o(.text)
    Battery6_Balance                         0x080045d1   Thumb Code    12  bq76930.o(.text)
    Battery7_Balance                         0x080045dd   Thumb Code    12  bq76930.o(.text)
    Battery10_Balance                        0x080045e9   Thumb Code    12  bq76930.o(.text)
    BQ_2_config                              0x080045f5   Thumb Code    22  bq76930.o(.text)
    SHIP_1_BQ769                             0x0800460b   Thumb Code    26  bq76930.o(.text)
    WAKE_1_BQ769                             0x08004625   Thumb Code    60  bq76930.o(.text)
    Get_BQ_Current                           0x08004661   Thumb Code   240  bq76930.o(.text)
    Get_BQ1_1_Temp                           0x08004751   Thumb Code   260  bq76930.o(.text)
    Get_BQ1_2_Temp                           0x08004855   Thumb Code   292  bq76930.o(.text)
    BMS_STA                                  0x08004979   Thumb Code    74  bq76930.o(.text)
    Only_Open_CHG                            0x080049c3   Thumb Code    32  bq76930.o(.text)
    Only_Close_CHG                           0x080049e3   Thumb Code    32  bq76930.o(.text)
    Only_Open_DSG                            0x08004a03   Thumb Code    32  bq76930.o(.text)
    Only_Close_DSG                           0x08004a23   Thumb Code    32  bq76930.o(.text)
    Open_DSG_CHG                             0x08004a43   Thumb Code    12  bq76930.o(.text)
    Close_DSG_CHG                            0x08004a4f   Thumb Code    12  bq76930.o(.text)
    Update_val                               0x08004a5b   Thumb Code   770  bq76930.o(.text)
    Update_val_new                           0x08004d5d   Thumb Code    22  bq76930.o(.text)
    Get_Update_Data                          0x08004d73   Thumb Code    64  bq76930.o(.text)
    ALERT_1_Recognition                      0x08004db3   Thumb Code   142  bq76930.o(.text)
    CRC8                                     0x08004e41   Thumb Code    68  bq76930.o(.text)
    I2C1_Configuration                       0x08005135   Thumb Code    68  i2c1.o(.text)
    IIC1_read_one_byte                       0x080053b9   Thumb Code   180  i2c1.o(.text)
    IIC1_read_len_byte                       0x0800546d   Thumb Code    44  i2c1.o(.text)
    IIC1_write_one_byte                      0x08005499   Thumb Code    80  i2c1.o(.text)
    IIC1_write_len_byte                      0x080054e9   Thumb Code    42  i2c1.o(.text)
    IIC1_write_one_byte_CRC                  0x08005513   Thumb Code   582  i2c1.o(.text)
    I2C1_WriteByte                           0x08005759   Thumb Code    80  i2c1.o(.text)
    I2C1_ReadByte                            0x080057a9   Thumb Code   132  i2c1.o(.text)
    IO_CTRL_Config                           0x0800582d   Thumb Code   344  io_ctrl.o(.text)
    TimerNvic_Config                         0x08005991   Thumb Code    80  timer.o(.text)
    TIM2_Config                              0x080059e1   Thumb Code   100  timer.o(.text)
    TIM3_Config                              0x08005a45   Thumb Code    88  timer.o(.text)
    IWDG_Init                                0x08005aa1   Thumb Code    36  wdg.o(.text)
    IWDG_Feed                                0x08005ac5   Thumb Code     8  wdg.o(.text)
    USART1_Config                            0x08005acd   Thumb Code   124  usart2.o(.text)
    USART1_Printf                            0x08005b49   Thumb Code   372  usart2.o(.text)
    Set_USART1_StopFlag                      0x08005cbd   Thumb Code     6  usart2.o(.text)
    Get_USART1_StopFlag                      0x08005cc3   Thumb Code     6  usart2.o(.text)
    USART2_Config                            0x08005cc9   Thumb Code   212  usart2.o(.text)
    USART2_Printf                            0x08005d9d   Thumb Code   394  usart2.o(.text)
    Set_USART2_StopFlag                      0x08005f27   Thumb Code     6  usart2.o(.text)
    Get_USART2_StopFlag                      0x08005f2d   Thumb Code     6  usart2.o(.text)
    USART3_Config                            0x08005f33   Thumb Code   116  usart2.o(.text)
    USART3_Printf                            0x08005fa7   Thumb Code   372  usart2.o(.text)
    Set_USART3_StopFlag                      0x0800611b   Thumb Code     6  usart2.o(.text)
    Get_USART3_StopFlag                      0x08006121   Thumb Code     6  usart2.o(.text)
    CAN_Mode_Init                            0x08006139   Thumb Code   200  can.o(.text)
    Can_Send_Msg                             0x08006201   Thumb Code   110  can.o(.text)
    Can_Receive_Msg                          0x0800626f   Thumb Code    56  can.o(.text)
    __aeabi_memset                           0x080062b1   Thumb Code    14  memseta.o(.text)
    __aeabi_memset4                          0x080062b1   Thumb Code     0  memseta.o(.text)
    __aeabi_memset8                          0x080062b1   Thumb Code     0  memseta.o(.text)
    __aeabi_memclr                           0x080062bf   Thumb Code     4  memseta.o(.text)
    __aeabi_memclr4                          0x080062bf   Thumb Code     0  memseta.o(.text)
    __aeabi_memclr8                          0x080062bf   Thumb Code     0  memseta.o(.text)
    _memset$wrapper                          0x080062c3   Thumb Code    18  memseta.o(.text)
    __aeabi_fadd                             0x080062d5   Thumb Code   164  fadd.o(.text)
    __aeabi_fsub                             0x08006379   Thumb Code     6  fadd.o(.text)
    __aeabi_frsub                            0x0800637f   Thumb Code     6  fadd.o(.text)
    __aeabi_fdiv                             0x08006385   Thumb Code   124  fdiv.o(.text)
    __aeabi_dadd                             0x08006401   Thumb Code   322  dadd.o(.text)
    __aeabi_dsub                             0x08006543   Thumb Code     6  dadd.o(.text)
    __aeabi_drsub                            0x08006549   Thumb Code     6  dadd.o(.text)
    __aeabi_dmul                             0x0800654f   Thumb Code   228  dmul.o(.text)
    __aeabi_ddiv                             0x08006633   Thumb Code   222  ddiv.o(.text)
    __aeabi_i2f                              0x08006711   Thumb Code    18  fflti.o(.text)
    __aeabi_ui2d                             0x08006723   Thumb Code    26  dfltui.o(.text)
    __aeabi_f2iz                             0x0800673d   Thumb Code    50  ffixi.o(.text)
    __aeabi_d2uiz                            0x0800676f   Thumb Code    50  dfixui.o(.text)
    __aeabi_f2d                              0x080067a1   Thumb Code    38  f2d.o(.text)
    __aeabi_d2f                              0x080067c7   Thumb Code    56  d2f.o(.text)
    __aeabi_uidiv                            0x080067ff   Thumb Code     0  uidiv.o(.text)
    __aeabi_uidivmod                         0x080067ff   Thumb Code    44  uidiv.o(.text)
    __aeabi_uldivmod                         0x0800682b   Thumb Code    98  uldiv.o(.text)
    __aeabi_llsl                             0x0800688d   Thumb Code    30  llshl.o(.text)
    _ll_shift_l                              0x0800688d   Thumb Code     0  llshl.o(.text)
    __aeabi_llsr                             0x080068ab   Thumb Code    32  llushr.o(.text)
    _ll_ushift_r                             0x080068ab   Thumb Code     0  llushr.o(.text)
    __aeabi_lasr                             0x080068cb   Thumb Code    36  llsshr.o(.text)
    _ll_sshift_r                             0x080068cb   Thumb Code     0  llsshr.o(.text)
    __I$use$fp                               0x080068ef   Thumb Code     0  iusefp.o(.text)
    _float_round                             0x080068ef   Thumb Code    18  fepilogue.o(.text)
    _float_epilogue                          0x08006901   Thumb Code    92  fepilogue.o(.text)
    _double_round                            0x0800695d   Thumb Code    30  depilogue.o(.text)
    _double_epilogue                         0x0800697b   Thumb Code   156  depilogue.o(.text)
    __ARM_scalbn                             0x08006a17   Thumb Code    46  dscalb.o(.text)
    scalbn                                   0x08006a17   Thumb Code     0  dscalb.o(.text)
    __aeabi_i2d                              0x08006a45   Thumb Code    34  dflti.o(.text)
    __aeabi_d2ulz                            0x08006a67   Thumb Code    48  dfixul.o(.text)
    __aeabi_cdcmpeq                          0x08006a99   Thumb Code     0  cdcmple.o(.text)
    __aeabi_cdcmple                          0x08006a99   Thumb Code    48  cdcmple.o(.text)
    __aeabi_cdrcmple                         0x08006ac9   Thumb Code    48  cdrcmple.o(.text)
    __scatterload                            0x08006af9   Thumb Code    28  init.o(.text)
    __scatterload_rt2                        0x08006af9   Thumb Code     0  init.o(.text)
    __decompress                             0x08006b1d   Thumb Code     0  __dczerorl2.o(.text)
    __decompress1                            0x08006b1d   Thumb Code    86  __dczerorl2.o(.text)
    __0printf                                0x08006b75   Thumb Code    22  printfa.o(i.__0printf)
    __1printf                                0x08006b75   Thumb Code     0  printfa.o(i.__0printf)
    __2printf                                0x08006b75   Thumb Code     0  printfa.o(i.__0printf)
    __c89printf                              0x08006b75   Thumb Code     0  printfa.o(i.__0printf)
    printf                                   0x08006b75   Thumb Code     0  printfa.o(i.__0printf)
    __0sprintf                               0x08006b95   Thumb Code    34  printfa.o(i.__0sprintf)
    __1sprintf                               0x08006b95   Thumb Code     0  printfa.o(i.__0sprintf)
    __2sprintf                               0x08006b95   Thumb Code     0  printfa.o(i.__0sprintf)
    __c89sprintf                             0x08006b95   Thumb Code     0  printfa.o(i.__0sprintf)
    sprintf                                  0x08006b95   Thumb Code     0  printfa.o(i.__0sprintf)
    __kernel_poly                            0x08006bbd   Thumb Code   170  poly.o(i.__kernel_poly)
    __mathlib_dbl_divzero                    0x08006c69   Thumb Code    12  dunder.o(i.__mathlib_dbl_divzero)
    __mathlib_dbl_infnan                     0x08006c79   Thumb Code     6  dunder.o(i.__mathlib_dbl_infnan)
    __mathlib_dbl_invalid                    0x08006c7f   Thumb Code    12  dunder.o(i.__mathlib_dbl_invalid)
    __scatterload_copy                       0x08006c8b   Thumb Code    14  handlers.o(i.__scatterload_copy)
    __scatterload_null                       0x08006c99   Thumb Code     2  handlers.o(i.__scatterload_null)
    __scatterload_zeroinit                   0x08006c9b   Thumb Code    14  handlers.o(i.__scatterload_zeroinit)
    __set_errno                              0x08006ca9   Thumb Code     6  errno.o(i.__set_errno)
    log                                      0x08007549   Thumb Code   808  log.o(i.log)
    __mathlib_zero                           0x080078e0   Data           8  qnan.o(.constdata)
    Region$$Table$$Base                      0x080078e8   Number         0  anon$$obj.o(Region$$Table)
    Region$$Table$$Limit                     0x08007908   Number         0  anon$$obj.o(Region$$Table)
    Battery_ADR                              0x20000000   Data           4  main.o(.data)
    Temp_up                                  0x20000004   Data           4  main.o(.data)
    SEND_readparameter_TO_SHANGWEIJI         0x20000008   Data         500  main.o(.data)
    BMS_DATA_FLAG                            0x200001fc   Data           1  main.o(.data)
    key                                      0x200001fd   Data           1  main.o(.data)
    u                                        0x200001fe   Data           1  main.o(.data)
    canbuf                                   0x200001ff   Data           8  main.o(.data)
    datatemp                                 0x20000207   Data           2  main.o(.data)
    Temp_up_flag                             0x20000209   Data           1  main.o(.data)
    OV_FLAG                                  0x2000020a   Data           1  main.o(.data)
    UV_FLAG                                  0x2000020b   Data           1  main.o(.data)
    OC_FLAG                                  0x2000020c   Data           1  main.o(.data)
    FLASH_SIZE                               0x20000210   Data           4  main.o(.data)
    nTime                                    0x20000214   Data           2  stm32f10x_it.o(.data)
    usUSART1ReceiveDataLength                0x20000216   Data           2  stm32f10x_it.o(.data)
    usUSART1_ReceiveDataIndex                0x20000218   Data           2  stm32f10x_it.o(.data)
    usUSART1_LastDataIndex                   0x2000021a   Data           2  stm32f10x_it.o(.data)
    cnt3                                     0x2000021c   Data           4  stm32f10x_it.o(.data)
    cnt4                                     0x20000220   Data           4  stm32f10x_it.o(.data)
    n                                        0x20000224   Data           4  stm32f10x_it.o(.data)
    Heartbeat                                0x20000228   Data           4  stm32f10x_it.o(.data)
    cnt                                      0x2000022c   Data           4  stm32f10x_it.o(.data)
    cnt1_flag                                0x20000230   Data           1  stm32f10x_it.o(.data)
    Heartbeat_flag                           0x20000231   Data           1  stm32f10x_it.o(.data)
    SystemCoreClock                          0x20000248   Data           4  system_stm32f10x.o(.data)
    AHBPrescTable                            0x2000024c   Data          16  system_stm32f10x.o(.data)
    __stdout                                 0x2000025c   Data           4  usart.o(.data)
    p                                        0x20000260   Data           1  usart.o(.data)
    cmd                                      0x20000261   Data           1  usart.o(.data)
    cmdok                                    0x20000262   Data           1  usart.o(.data)
    ok                                       0x20000263   Data           1  usart.o(.data)
    val                                      0x20000264   Data           4  usart.o(.data)
    USART_RX_STA                             0x20000268   Data           1  usart.o(.data)
    RX_BUF                                   0x20000269   Data           4  usart.o(.data)
    rx_flag_finished                         0x2000026d   Data           1  usart.o(.data)
    rx_count                                 0x2000026e   Data           1  usart.o(.data)
    ADC_offset                               0x20000270   Data           4  bq76930.o(.data)
    GAIN                                     0x20000274   Data           4  bq76930.o(.data)
    ADC_GAIN                                 0x20000278   Data           4  bq76930.o(.data)
    shang                                    0x2000027c   Data         500  bq76930.o(.data)
    shang1                                   0x20000470   Data          50  bq76930.o(.data)
    shang2                                   0x200004a2   Data          50  bq76930.o(.data)
    shang3                                   0x200004d4   Data          50  bq76930.o(.data)
    can_buf1                                 0x20000506   Data           8  bq76930.o(.data)
    can_buf2                                 0x2000050e   Data           8  bq76930.o(.data)
    can_buf3                                 0x20000516   Data           8  bq76930.o(.data)
    can_buf4                                 0x2000051e   Data           8  bq76930.o(.data)
    can_buf5                                 0x20000526   Data           8  bq76930.o(.data)
    can_buf6                                 0x2000052e   Data           8  bq76930.o(.data)
    can_buf7                                 0x20000536   Data           8  bq76930.o(.data)
    SOC                                      0x20000540   Data           4  bq76930.o(.data)
    BQ769_INITAdd                            0x20000544   Data          12  bq76930.o(.data)
    BQ769_INITdata                           0x20000550   Data          12  bq76930.o(.data)
    Tempval_1                                0x2000055c   Data           4  bq76930.o(.data)
    Tempval_2                                0x20000560   Data           4  bq76930.o(.data)
    Tempval_3                                0x20000564   Data           4  bq76930.o(.data)
    Tempval_4                                0x20000568   Data           4  bq76930.o(.data)
    BMS_sta                                  0x2000056c   Data           1  bq76930.o(.data)
    DSG_STA                                  0x2000056d   Data           1  bq76930.o(.data)
    CHG_STA                                  0x2000056e   Data           1  bq76930.o(.data)
    DSG_STA_FLAG                             0x2000056f   Data           1  bq76930.o(.data)
    CHG_STA_FLAG                             0x20000570   Data           1  bq76930.o(.data)
    UV_Alarm_flag                            0x20000574   Data           4  bq76930.o(.data)
    OV_Alarm_flag                            0x20000578   Data           4  bq76930.o(.data)
    SCD_Alarm_flag                           0x2000057c   Data           4  bq76930.o(.data)
    OCD_Alarm_flag                           0x20000580   Data           4  bq76930.o(.data)
    ucUSART1_StopReceive                     0x20000584   Data           1  usart2.o(.data)
    ucUSART2_StopReceive                     0x20000585   Data           1  usart2.o(.data)
    ucUSART3_StopReceive                     0x20000586   Data           1  usart2.o(.data)
    ucUSART1_ReceiveDataBuffer               0x2000058c   Data        1024  stm32f10x_it.o(.bss)
    rch                                      0x2000098c   Data          15  usart.o(.bss)
    USART_RX_BUF                             0x2000099b   Data          64  usart.o(.bss)
    Batteryval                               0x200009dc   Data         200  bq76930.o(.bss)
    __initial_sp                             0x20000ea8   Data           0  startup_stm32f10x_md.o(STACK)



==============================================================================

Memory Map of the image

  Image Entry point : 0x080000ed

  Load Region LR_IROM1 (Base: 0x08000000, Size: 0x00007e94, Max: 0x00008000, ABSOLUTE, COMPRESSED[0x0000796c])

    Execution Region ER_IROM1 (Exec base: 0x08000000, Load base: 0x08000000, Size: 0x00007908, Max: 0x00008000, ABSOLUTE)

    Exec Addr    Load Addr    Size         Type   Attr      Idx    E Section Name        Object

    0x08000000   0x08000000   0x000000ec   Data   RO            3    RESET               startup_stm32f10x_md.o
    0x080000ec   0x080000ec   0x00000000   Code   RO          727  * .ARM.Collect$$$$00000000  mc_w.l(entry.o)
    0x080000ec   0x080000ec   0x00000004   Code   RO         1034    .ARM.Collect$$$$00000001  mc_w.l(entry2.o)
    0x080000f0   0x080000f0   0x00000004   Code   RO         1037    .ARM.Collect$$$$00000004  mc_w.l(entry5.o)
    0x080000f4   0x080000f4   0x00000000   Code   RO         1039    .ARM.Collect$$$$00000008  mc_w.l(entry7b.o)
    0x080000f4   0x080000f4   0x00000000   Code   RO         1041    .ARM.Collect$$$$0000000A  mc_w.l(entry8b.o)
    0x080000f4   0x080000f4   0x00000008   Code   RO         1042    .ARM.Collect$$$$0000000B  mc_w.l(entry9a.o)
    0x080000fc   0x080000fc   0x00000004   Code   RO         1049    .ARM.Collect$$$$0000000E  mc_w.l(entry12b.o)
    0x08000100   0x08000100   0x00000000   Code   RO         1044    .ARM.Collect$$$$0000000F  mc_w.l(entry10a.o)
    0x08000100   0x08000100   0x00000000   Code   RO         1046    .ARM.Collect$$$$00000011  mc_w.l(entry11a.o)
    0x08000100   0x08000100   0x00000004   Code   RO         1035    .ARM.Collect$$$$00002712  mc_w.l(entry2.o)
    0x08000104   0x08000104   0x00000024   Code   RO            4    .text               startup_stm32f10x_md.o
    0x08000128   0x08000128   0x00000548   Code   RO           10    .text               main.o
    0x08000670   0x08000670   0x000000c4   Code   RO          163    .text               stm32f10x_it.o
    0x08000734   0x08000734   0x000000dc   Code   RO          232    .text               misc.o
    0x08000810   0x08000810   0x000009f0   Code   RO          268    .text               stm32f10x_can.o
    0x08001200   0x08001200   0x000005bc   Code   RO          355    .text               stm32f10x_flash.o
    0x080017bc   0x080017bc   0x0000035c   Code   RO          379    .text               stm32f10x_gpio.o
    0x08001b18   0x08001b18   0x00000040   Code   RO          403    .text               stm32f10x_iwdg.o
    0x08001b58   0x08001b58   0x000003a4   Code   RO          427    .text               stm32f10x_rcc.o
    0x08001efc   0x08001efc   0x00000e1a   Code   RO          477    .text               stm32f10x_tim.o
    0x08002d16   0x08002d16   0x00000002   PAD
    0x08002d18   0x08002d18   0x00000408   Code   RO          489    .text               stm32f10x_usart.o
    0x08003120   0x08003120   0x000001e0   Code   RO          513    .text               system_stm32f10x.o
    0x08003300   0x08003300   0x0000011c   Code   RO          550    .text               led.o
    0x0800341c   0x0800341c   0x00000098   Code   RO          565    .text               systick.o
    0x080034b4   0x080034b4   0x00000510   Code   RO          582    .text               usart.o
    0x080039c4   0x080039c4   0x00001770   Code   RO          617    .text               bq76930.o
    0x08005134   0x08005134   0x000006f8   Code   RO          639    .text               i2c1.o
    0x0800582c   0x0800582c   0x00000164   Code   RO          651    .text               io_ctrl.o
    0x08005990   0x08005990   0x00000110   Code   RO          663    .text               timer.o
    0x08005aa0   0x08005aa0   0x0000002c   Code   RO          678    .text               wdg.o
    0x08005acc   0x08005acc   0x0000066c   Code   RO          690    .text               usart2.o
    0x08006138   0x08006138   0x00000178   Code   RO          705    .text               can.o
    0x080062b0   0x080062b0   0x00000024   Code   RO          730    .text               mc_w.l(memseta.o)
    0x080062d4   0x080062d4   0x000000b0   Code   RO          995    .text               mf_w.l(fadd.o)
    0x08006384   0x08006384   0x0000007c   Code   RO          997    .text               mf_w.l(fdiv.o)
    0x08006400   0x08006400   0x0000014e   Code   RO          999    .text               mf_w.l(dadd.o)
    0x0800654e   0x0800654e   0x000000e4   Code   RO         1001    .text               mf_w.l(dmul.o)
    0x08006632   0x08006632   0x000000de   Code   RO         1003    .text               mf_w.l(ddiv.o)
    0x08006710   0x08006710   0x00000012   Code   RO         1005    .text               mf_w.l(fflti.o)
    0x08006722   0x08006722   0x0000001a   Code   RO         1007    .text               mf_w.l(dfltui.o)
    0x0800673c   0x0800673c   0x00000032   Code   RO         1009    .text               mf_w.l(ffixi.o)
    0x0800676e   0x0800676e   0x00000032   Code   RO         1011    .text               mf_w.l(dfixui.o)
    0x080067a0   0x080067a0   0x00000026   Code   RO         1013    .text               mf_w.l(f2d.o)
    0x080067c6   0x080067c6   0x00000038   Code   RO         1015    .text               mf_w.l(d2f.o)
    0x080067fe   0x080067fe   0x0000002c   Code   RO         1050    .text               mc_w.l(uidiv.o)
    0x0800682a   0x0800682a   0x00000062   Code   RO         1052    .text               mc_w.l(uldiv.o)
    0x0800688c   0x0800688c   0x0000001e   Code   RO         1054    .text               mc_w.l(llshl.o)
    0x080068aa   0x080068aa   0x00000020   Code   RO         1056    .text               mc_w.l(llushr.o)
    0x080068ca   0x080068ca   0x00000024   Code   RO         1058    .text               mc_w.l(llsshr.o)
    0x080068ee   0x080068ee   0x00000000   Code   RO         1067    .text               mc_w.l(iusefp.o)
    0x080068ee   0x080068ee   0x0000006e   Code   RO         1068    .text               mf_w.l(fepilogue.o)
    0x0800695c   0x0800695c   0x000000ba   Code   RO         1070    .text               mf_w.l(depilogue.o)
    0x08006a16   0x08006a16   0x0000002e   Code   RO         1072    .text               mf_w.l(dscalb.o)
    0x08006a44   0x08006a44   0x00000022   Code   RO         1074    .text               mf_w.l(dflti.o)
    0x08006a66   0x08006a66   0x00000030   Code   RO         1076    .text               mf_w.l(dfixul.o)
    0x08006a96   0x08006a96   0x00000002   PAD
    0x08006a98   0x08006a98   0x00000030   Code   RO         1078    .text               mf_w.l(cdcmple.o)
    0x08006ac8   0x08006ac8   0x00000030   Code   RO         1080    .text               mf_w.l(cdrcmple.o)
    0x08006af8   0x08006af8   0x00000024   Code   RO         1082    .text               mc_w.l(init.o)
    0x08006b1c   0x08006b1c   0x00000056   Code   RO         1092    .text               mc_w.l(__dczerorl2.o)
    0x08006b72   0x08006b72   0x00000002   PAD
    0x08006b74   0x08006b74   0x00000020   Code   RO          967    i.__0printf         mc_w.l(printfa.o)
    0x08006b94   0x08006b94   0x00000028   Code   RO          969    i.__0sprintf        mc_w.l(printfa.o)
    0x08006bbc   0x08006bbc   0x000000aa   Code   RO         1031    i.__kernel_poly     m_ws.l(poly.o)
    0x08006c66   0x08006c66   0x00000002   PAD
    0x08006c68   0x08006c68   0x00000010   Code   RO         1017    i.__mathlib_dbl_divzero  m_ws.l(dunder.o)
    0x08006c78   0x08006c78   0x00000006   Code   RO         1018    i.__mathlib_dbl_infnan  m_ws.l(dunder.o)
    0x08006c7e   0x08006c7e   0x0000000c   Code   RO         1020    i.__mathlib_dbl_invalid  m_ws.l(dunder.o)
    0x08006c8a   0x08006c8a   0x0000000e   Code   RO         1086    i.__scatterload_copy  mc_w.l(handlers.o)
    0x08006c98   0x08006c98   0x00000002   Code   RO         1087    i.__scatterload_null  mc_w.l(handlers.o)
    0x08006c9a   0x08006c9a   0x0000000e   Code   RO         1088    i.__scatterload_zeroinit  mc_w.l(handlers.o)
    0x08006ca8   0x08006ca8   0x0000000c   Code   RO         1062    i.__set_errno       mc_w.l(errno.o)
    0x08006cb4   0x08006cb4   0x00000184   Code   RO          974    i._fp_digits        mc_w.l(printfa.o)
    0x08006e38   0x08006e38   0x000006b4   Code   RO          975    i._printf_core      mc_w.l(printfa.o)
    0x080074ec   0x080074ec   0x00000024   Code   RO          976    i._printf_post_padding  mc_w.l(printfa.o)
    0x08007510   0x08007510   0x0000002e   Code   RO          977    i._printf_pre_padding  mc_w.l(printfa.o)
    0x0800753e   0x0800753e   0x0000000a   Code   RO          979    i._sputc            mc_w.l(printfa.o)
    0x08007548   0x08007548   0x0000035c   Code   RO          718    i.log               m_ws.l(log.o)
    0x080078a4   0x080078a4   0x00000004   PAD
    0x080078a8   0x080078a8   0x00000038   Data   RO          719    .constdata          m_ws.l(log.o)
    0x080078e0   0x080078e0   0x00000008   Data   RO         1033    .constdata          m_ws.l(qnan.o)
    0x080078e8   0x080078e8   0x00000020   Data   RO         1084    Region$$Table       anon$$obj.o


    Execution Region RW_IRAM1 (Exec base: 0x20000000, Load base: 0x08007908, Size: 0x00000ea8, Max: 0x00002800, ABSOLUTE, COMPRESSED[0x00000064])

    Exec Addr    Load Addr    Size         Type   Attr      Idx    E Section Name        Object

    0x20000000   COMPRESSED   0x00000214   Data   RW           12    .data               main.o
    0x20000214   COMPRESSED   0x0000001e   Data   RW          165    .data               stm32f10x_it.o
    0x20000232   COMPRESSED   0x00000014   Data   RW          428    .data               stm32f10x_rcc.o
    0x20000246   COMPRESSED   0x00000002   PAD
    0x20000248   COMPRESSED   0x00000014   Data   RW          514    .data               system_stm32f10x.o
    0x2000025c   COMPRESSED   0x00000013   Data   RW          584    .data               usart.o
    0x2000026f   COMPRESSED   0x00000001   PAD
    0x20000270   COMPRESSED   0x00000314   Data   RW          619    .data               bq76930.o
    0x20000584   COMPRESSED   0x00000003   Data   RW          691    .data               usart2.o
    0x20000587   COMPRESSED   0x00000001   PAD
    0x20000588   COMPRESSED   0x00000004   Data   RW         1063    .data               mc_w.l(errno.o)
    0x2000058c        -       0x00000400   Zero   RW          164    .bss                stm32f10x_it.o
    0x2000098c        -       0x0000004f   Zero   RW          583    .bss                usart.o
    0x200009db   COMPRESSED   0x00000001   PAD
    0x200009dc        -       0x000000c8   Zero   RW          618    .bss                bq76930.o
    0x20000aa4   COMPRESSED   0x00000004   PAD
    0x20000aa8        -       0x00000400   Zero   RW            1    STACK               startup_stm32f10x_md.o


==============================================================================

Image component sizes


      Code (inc. data)   RO Data    RW Data    ZI Data      Debug   Object Name

      6000        896          0        788        200      13548   bq76930.o
       376         10          0          0          0       2221   can.o
      1784        476          0          0          0       4864   i2c1.o
       356         12          0          0          0        753   io_ctrl.o
       284         14          0          0          0        845   led.o
      1352        136          0        532          0     210077   main.o
       220         22          0          0          0       2041   misc.o
        36          8        236          0       1024       1000   startup_stm32f10x_md.o
      2544         38          0          0          0       8268   stm32f10x_can.o
      1468         34          0          0          0       8446   stm32f10x_flash.o
       860         38          0          0          0       5973   stm32f10x_gpio.o
       196         20          0         30       1024     265347   stm32f10x_it.o
        64          6          0          0          0       1385   stm32f10x_iwdg.o
       932         36          0         20          0       9232   stm32f10x_rcc.o
      3610         88          0          0          0      23080   stm32f10x_tim.o
      1032         22          0          0          0       8696   stm32f10x_usart.o
       480         38          0         20          0       2235   system_stm32f10x.o
       152         20          0          0          0      16340   systick.o
       272          4          0          0          0       1155   timer.o
      1296         54          0         19         79       5285   usart.o
      1644         38          0          3          0       4315   usart2.o
        44          0          0          0          0        710   wdg.o

    ----------------------------------------------------------------------
     25004       2010        268       1416       2332     595816   Object Totals
         0          0         32          0          0          0   (incl. Generated)
         2          0          0          4          5          0   (incl. Padding)

    ----------------------------------------------------------------------

      Code (inc. data)   RO Data    RW Data    ZI Data      Debug   Library Member Name

        34          4          0          0          0        204   dunder.o
       860         52         56          0          0        256   log.o
       170          0          0          0          0         96   poly.o
         0          0          8          0          0          0   qnan.o
        86          0          0          0          0          0   __dczerorl2.o
         0          0          0          0          0          0   entry.o
         0          0          0          0          0          0   entry10a.o
         0          0          0          0          0          0   entry11a.o
         4          0          0          0          0          0   entry12b.o
         8          4          0          0          0          0   entry2.o
         4          0          0          0          0          0   entry5.o
         0          0          0          0          0          0   entry7b.o
         0          0          0          0          0          0   entry8b.o
         8          4          0          0          0          0   entry9a.o
        12          6          0          4          0         68   errno.o
        30          0          0          0          0          0   handlers.o
        36          8          0          0          0         68   init.o
         0          0          0          0          0          0   iusefp.o
        30          0          0          0          0         68   llshl.o
        36          0          0          0          0         68   llsshr.o
        32          0          0          0          0         68   llushr.o
        36          0          0          0          0        108   memseta.o
      2268         96          0          0          0        616   printfa.o
        44          0          0          0          0         80   uidiv.o
        98          0          0          0          0         92   uldiv.o
        48          0          0          0          0         68   cdcmple.o
        48          0          0          0          0         68   cdrcmple.o
        56          0          0          0          0         88   d2f.o
       334          0          0          0          0        148   dadd.o
       222          0          0          0          0        100   ddiv.o
       186          0          0          0          0        176   depilogue.o
        50          0          0          0          0         76   dfixui.o
        48          0          0          0          0         68   dfixul.o
        34          0          0          0          0         76   dflti.o
        26          0          0          0          0         76   dfltui.o
       228          0          0          0          0         96   dmul.o
        46          0          0          0          0         80   dscalb.o
        38          0          0          0          0         68   f2d.o
       176          0          0          0          0        140   fadd.o
       124          0          0          0          0         88   fdiv.o
       110          0          0          0          0        168   fepilogue.o
        50          0          0          0          0         68   ffixi.o
        18          0          0          0          0         68   fflti.o

    ----------------------------------------------------------------------
      5648        178         64          4          0       3512   Library Totals
        10          4          0          0          0          0   (incl. Padding)

    ----------------------------------------------------------------------

      Code (inc. data)   RO Data    RW Data    ZI Data      Debug   Library Name

      1064         56         64          0          0        556   m_ws.l
      2732        118          0          4          0       1236   mc_w.l
      1842          0          0          0          0       1720   mf_w.l

    ----------------------------------------------------------------------
      5648        178         64          4          0       3512   Library Totals

    ----------------------------------------------------------------------

==============================================================================


      Code (inc. data)   RO Data    RW Data    ZI Data      Debug   

     30652       2188        332       1420       2332     595296   Grand Totals
     30652       2188        332        100       2332     595296   ELF Image Totals (compressed)
     30652       2188        332        100          0          0   ROM Totals

==============================================================================

    Total RO  Size (Code + RO Data)                30984 (  30.26kB)
    Total RW  Size (RW Data + ZI Data)              3752 (   3.66kB)
    Total ROM Size (Code + RO Data + RW Data)      31084 (  30.36kB)

==============================================================================

